[robosuite WARNING] No private macro file found! (macros.py:57)
[robosuite WARNING] It is recommended to use a private macro file (macros.py:58)
[robosuite WARNING] To setup, run: python /mnt/workspace/JCIIOT2026/JCIIOT/robosuite/robosuite/scripts/setup_macros.py (macros.py:59)
[robosuite WARNING] Could not load the mink-based whole-body IK. Make sure you install related import properly (e.g. pip install mink==0.0.5), otherwise you will not be able to use the default IK controller setting for GR1 robot. (__init__.py:41)
Traceback (most recent call last):
  File "<frozen runpy>", line 198, in _run_module_as_main
  File "<frozen runpy>", line 88, in _run_code
  File "/mnt/workspace/JCIIOT2026/JCIIOT/robosuite/robosuite/environments/factory_sorting/load_factory_sorting_collect.py", line 142, in <module>
    main()
  File "/mnt/workspace/JCIIOT2026/JCIIOT/robosuite/robosuite/environments/factory_sorting/load_factory_sorting_collect.py", line 138, in main
    _collect_one(level, args)
  File "/mnt/workspace/JCIIOT2026/JCIIOT/robosuite/robosuite/environments/factory_sorting/load_factory_sorting_collect.py", line 99, in _collect_one
    cfg = _level_config(level)
          ^^^^^^^^^^^^^^^^^^^^
  File "/mnt/workspace/JCIIOT2026/JCIIOT/robosuite/robosuite/environments/factory_sorting/load_factory_sorting_collect.py", line 54, in _level_config
    raise ValueError(f"No task_config entry for level L{level}")
ValueError: No task_config entry for level L9
EXIT_center=1
[robosuite WARNING] No private macro file found! (macros.py:57)
[robosuite WARNING] It is recommended to use a private macro file (macros.py:58)
[robosuite WARNING] To setup, run: python /mnt/workspace/JCIIOT2026/JCIIOT/robosuite/robosuite/scripts/setup_macros.py (macros.py:59)
[robosuite WARNING] Could not load the mink-based whole-body IK. Make sure you install related import properly (e.g. pip install mink==0.0.5), otherwise you will not be able to use the default IK controller setting for GR1 robot. (__init__.py:41)
Traceback (most recent call last):
  File "<frozen runpy>", line 198, in _run_module_as_main
  File "<frozen runpy>", line 88, in _run_code
  File "/mnt/workspace/JCIIOT2026/JCIIOT/robosuite/robosuite/environments/factory_sorting/load_factory_sorting_collect.py", line 142, in <module>
    main()
  File "/mnt/workspace/JCIIOT2026/JCIIOT/robosuite/robosuite/environments/factory_sorting/load_factory_sorting_collect.py", line 138, in main
    _collect_one(level, args)
  File "/mnt/workspace/JCIIOT2026/JCIIOT/robosuite/robosuite/environments/factory_sorting/load_factory_sorting_collect.py", line 99, in _collect_one
    cfg = _level_config(level)
          ^^^^^^^^^^^^^^^^^^^^
  File "/mnt/workspace/JCIIOT2026/JCIIOT/robosuite/robosuite/environments/factory_sorting/load_factory_sorting_collect.py", line 54, in _level_config
    raise ValueError(f"No task_config entry for level L{level}")
ValueError: No task_config entry for level L9
EXIT_front=1
[robosuite WARNING] No private macro file found! (macros.py:57)
[robosuite WARNING] It is recommended to use a private macro file (macros.py:58)
[robosuite WARNING] To setup, run: python /mnt/workspace/JCIIOT2026/JCIIOT/robosuite/robosuite/scripts/setup_macros.py (macros.py:59)
[robosuite WARNING] Could not load the mink-based whole-body IK. Make sure you install related import properly (e.g. pip install mink==0.0.5), otherwise you will not be able to use the default IK controller setting for GR1 robot. (__init__.py:41)
Traceback (most recent call last):
  File "<frozen runpy>", line 198, in _run_module_as_main
  File "<frozen runpy>", line 88, in _run_code
  File "/mnt/workspace/JCIIOT2026/JCIIOT/robosuite/robosuite/environments/factory_sorting/load_factory_sorting_collect.py", line 142, in <module>
    main()
  File "/mnt/workspace/JCIIOT2026/JCIIOT/robosuite/robosuite/environments/factory_sorting/load_factory_sorting_collect.py", line 138, in main
    _collect_one(level, args)
  File "/mnt/workspace/JCIIOT2026/JCIIOT/robosuite/robosuite/environments/factory_sorting/load_factory_sorting_collect.py", line 99, in _collect_one
    cfg = _level_config(level)
          ^^^^^^^^^^^^^^^^^^^^
  File "/mnt/workspace/JCIIOT2026/JCIIOT/robosuite/robosuite/environments/factory_sorting/load_factory_sorting_collect.py", line 54, in _level_config
    raise ValueError(f"No task_config entry for level L{level}")
ValueError: No task_config entry for level L9
EXIT_back=1
