/mnt/workspace/JCIIOT2026/JCIIOT/robosuite/robosuite/__init__.py:49: SyntaxWarning: invalid escape sequence '\ '
  /[_]\  [~]\/    |//  |
[robosuite WARNING] No private macro file found! (macros.py:57)
[robosuite WARNING] It is recommended to use a private macro file (macros.py:58)
[robosuite WARNING] To setup, run: python /mnt/workspace/JCIIOT2026/JCIIOT/robosuite/robosuite/scripts/setup_macros.py (macros.py:59)
[robosuite WARNING] Could not import robosuite_models. Some robots may not be available. If you want to use these robots, please install robosuite_models from source (https://github.com/ARISE-Initiative/robosuite_models) or through pip install. (__init__.py:31)
[robosuite WARNING] Could not load the mink-based whole-body IK. Make sure you install related import properly (e.g. pip install mink==0.0.5), otherwise you will not be able to use the default IK controller setting for GR1 robot. (__init__.py:41)
[robosuite INFO] Loading controller configuration from: /mnt/workspace/JCIIOT2026/JCIIOT/robosuite/robosuite/controllers/config/robots/default_tiago.json (composite_controller_factory.py:121)
[robosuite INFO] Loading controller configuration from: /mnt/workspace/JCIIOT2026/JCIIOT/robosuite/robosuite/controllers/config/robots/default_tiago.json (composite_controller_factory.py:121)
[robosuite INFO] Loading controller configuration from: /mnt/workspace/JCIIOT2026/JCIIOT/robosuite/robosuite/controllers/config/robots/default_tiago.json (composite_controller_factory.py:121)
[robosuite INFO] Loading controller configuration from: /mnt/workspace/JCIIOT2026/JCIIOT/robosuite/robosuite/controllers/config/robots/default_tiago.json (composite_controller_factory.py:121)

============= Initialized Observation Utils with Obs Spec =============

using obs modality: low_dim with keys: ['robot0_left_eef_quat', 'robot0_left_eef_pos', 'robot0_right_eef_quat', 'robot0_right_gripper_qpos', 'robot0_right_eef_pos', 'robot0_left_gripper_qpos']
using obs modality: rgb with keys: []
using obs modality: depth with keys: []
using obs modality: scan with keys: []
Loaded robomimic checkpoint: /mnt/workspace/JCIIOT2026/JCIIOT/robosuite/robosuite/model_epoch_150.pth
Evaluation device: cuda:0
[BACKEND v4] grasp_object_physics called
[robosuite INFO] Loading controller configuration from: /mnt/workspace/JCIIOT2026/JCIIOT/robosuite/robosuite/controllers/config/robots/default_tiago.json (composite_controller_factory.py:121)
Evaluation factory scene: FactorySorting1_3FO3ERFHISEM
[BC_INPUT] robot_base_pos=(8.000010,4.622681,0.000000)
[BC_INPUT] robot_base_ori=[0.000000,0.000000,-3.139453] (yaw=-0.9993*pi)
[BC_INPUT] actual_base_pose=(8.000010,4.622681) yaw=-3.139453
[BC_INPUT] object_name=line_5_container_h01_near
[BC_INPUT] torso_lift=0.3500
[BC_INPUT] arm_right_1=0.7426
[BC_INPUT] arm_right_3=2.1378
[BC_INPUT] arm_right_4=2.1057
[BC_INPUT] gripper_r=0.0120
[BC_INPUT] scene=FactorySorting1_3FO3ERFHISEM
[BC_INPUT] object line_5_container_h01_far: pos=(7.0590,3.2560,1.1255)
[BC_INPUT] object line_5_container_h01_near: pos=(7.0590,4.6190,1.1255)
Target object: line_5_container_h01_near
Robot base xy at reset: (8.000010, 4.622681)
Tracking sites: {'right': 'line_5_container_h01_near_right_grasp_site', 'left': 'line_5_container_h01_near_left_grasp_site'}
Below-site grasp targets: {'right': array([0.29, 0.12, 0.09]), 'left': array([ 0.29, -0.12,  0.09])}
wrapped_env_grasp_start_pose: x=8.000010, y=4.622681, yaw=-3.139453
Executing scripted grasp policy (deterministic OSC waypoint servo)
[SCRIPTED] site_positions (world): {'right': 'line_5_container_h01_near_right_grasp_site', 'left': 'line_5_container_h01_near_left_grasp_site'}
[SCRIPTED] right site world pos: [7.349  4.739  1.2505], below_target: [7.349  4.739  1.2155]
[SCRIPTED] left site world pos: [7.349  4.499  1.2505], below_target: [7.349  4.499  1.2155]
[SCRIPTED] eef starts: right=[7.63140628 4.89063849 1.1359892 ], left=[7.61607451 4.43694803 1.1086439 ]
[SCRIPTED] Phase 1: safe vertical lift (60 steps, safe_z=1.400)
[SCRIPTED] Phase 2: XY approach (120 steps)
[SCRIPTED] Phase 3: vertical descent (80 steps)
[SCRIPTED] Phase 4: settle gripper end centers (max 80 steps)
gripper end center arrival distances before grasp: {'right': 0.024109866906673074, 'left': 0.026883356424418223}
[SCRIPTED] Phase 5: grasp close (40 steps)
After scripted grasp close object collision geoms: ['line_5_container_h01_near_container_h01_col_bottom', 'line_5_container_h01_near_container_h01_col_front', 'line_5_container_h01_near_container_h01_col_back', 'line_5_container_h01_near_container_h01_col_left', 'line_5_container_h01_near_container_h01_col_right']
After scripted grasp close gripper end targets: {'right': [7.349, 4.739, 1.2155], 'left': [7.349, 4.499, 1.2155]}
After scripted grasp close gripper end positions: {'right': [7.3617, 4.7351, 1.2288], 'left': [7.3629, 4.5008, 1.2322]}
After scripted grasp close gripper end deltas current-minus-target: {'right': [0.0127, -0.0039, 0.0133], 'left': [0.0139, 0.0018, 0.0167]}
After scripted grasp close gripper end distances: {'right': 0.018793535807254128, 'left': 0.02179944871933221}
After scripted grasp close fingerpad contact status: {'right': {'left_fingerpad': True, 'right_fingerpad': True}, 'left': {'left_fingerpad': True, 'right_fingerpad': True}}
After scripted grasp close fingerpad contact pairs: {'right': {'left_fingerpad': [('gripper0_right_left_fingerpad_collision', 'line_5_container_h01_near_container_h01_col_right')], 'right_fingerpad': [('gripper0_right_right_fingerpad_collision', 'line_5_container_h01_near_container_h01_col_right')]}, 'left': {'left_fingerpad': [('gripper0_left_left_fingerpad_collision', 'line_5_container_h01_near_container_h01_col_right')], 'right_fingerpad': [('gripper0_left_right_fingerpad_collision', 'line_5_container_h01_near_container_h01_col_right')]}}
After scripted grasp close grasp status: {'right': True, 'left': True}
[SCRIPTED] Phase 6: post-success hold (10 steps)
Holding final grasp action for 12 steps
After same-env wrapped policy execution object collision geoms: ['line_5_container_h01_near_container_h01_col_bottom', 'line_5_container_h01_near_container_h01_col_front', 'line_5_container_h01_near_container_h01_col_back', 'line_5_container_h01_near_container_h01_col_left', 'line_5_container_h01_near_container_h01_col_right']
After same-env wrapped policy execution gripper end targets: {'right': [7.349, 4.739, 1.2155], 'left': [7.349, 4.499, 1.2155]}
After same-env wrapped policy execution gripper end positions: {'right': [7.367, 4.735, 1.2285], 'left': [7.3681, 4.5009, 1.232]}
After same-env wrapped policy execution gripper end deltas current-minus-target: {'right': [0.018, -0.004, 0.013], 'left': [0.0191, 0.0019, 0.0165]}
After same-env wrapped policy execution gripper end distances: {'right': 0.022590648554753654, 'left': 0.025333021384626158}
After same-env wrapped policy execution fingerpad contact status: {'right': {'left_fingerpad': True, 'right_fingerpad': True}, 'left': {'left_fingerpad': True, 'right_fingerpad': True}}
After same-env wrapped policy execution fingerpad contact pairs: {'right': {'left_fingerpad': [('gripper0_right_left_fingerpad_collision', 'line_5_container_h01_near_container_h01_col_right')], 'right_fingerpad': [('gripper0_right_right_fingerpad_collision', 'line_5_container_h01_near_container_h01_col_right'), ('gripper0_right_right_fingerpad_collision', 'line_5_container_h01_near_container_h01_col_right')]}, 'left': {'left_fingerpad': [('gripper0_left_left_fingerpad_collision', 'line_5_container_h01_near_container_h01_col_right')], 'right_fingerpad': [('gripper0_left_right_fingerpad_collision', 'line_5_container_h01_near_container_h01_col_right')]}}
After same-env wrapped policy execution grasp status: {'right': True, 'left': True}
Scripted grasp total_steps=310
Same-env wrapped grasp success: True
lift_initial_grasp_status: {'right': True, 'left': True}
lift_start: object=line_5_container_h01_near, start_object_z=1.250394, target_object_z=1.400394, lift_height=0.150000
lift_result: success=True, final_object_z=1.377452, lifted=0.127058, target_lift=0.150000, final_grasp_status={'right': True, 'left': True}
[BACKEND] grasp and lift succeeded, proceeding with transport
transport_attachment_enabled: object=line_5_container_h01_near, joint=line_5_container_h01_near_joint0, relative_xy=[0.9377, 0.0009], world_z=1.320872, held_gripper_joints=12
turn_to_output_result: success=True, turn_steps=40, target_yaw=0.016928, final_yaw=0.016955, final_error=-0.000027, xy_drift=0.000000
