/mnt/workspace/JCIIOT2026/JCIIOT/robosuite/robosuite/__init__.py:49: SyntaxWarning: invalid escape sequence '\ '
  /[_]\  [~]\/    |//  |
[robosuite WARNING] No private macro file found! (macros.py:57)
[robosuite WARNING] It is recommended to use a private macro file (macros.py:58)
[robosuite WARNING] To setup, run: python /mnt/workspace/JCIIOT2026/JCIIOT/robosuite/robosuite/scripts/setup_macros.py (macros.py:59)
[robosuite WARNING] Could not import robosuite_models. Some robots may not be available. If you want to use these robots, please install robosuite_models from source (https://github.com/ARISE-Initiative/robosuite_models) or through pip install. (__init__.py:31)
[robosuite WARNING] Could not load the mink-based whole-body IK. Make sure you install related import properly (e.g. pip install mink==0.0.5), otherwise you will not be able to use the default IK controller setting for GR1 robot. (__init__.py:41)
Traceback (most recent call last):
  File "/mnt/workspace/JCIIOT2026/JCIIOT/src/robot_agent/task_subprocess_runner.py", line 232, in run_task
    agent = _build_agent(app_dir, task_index, knowledge_enabled=kb_enabled)
            ^^^^^^^^^^^^^^^^^^^^^^^^^^^^^^^^^^^^^^^^^^^^^^^^^^^^^^^^^^^^^^^
  File "/mnt/workspace/JCIIOT2026/JCIIOT/src/robot_agent/task_subprocess_runner.py", line 89, in _build_agent
    from robot_agent.core.agent import RobotAgent
  File "/mnt/workspace/JCIIOT2026/JCIIOT/src/robot_agent/core/agent.py", line 83, in <module>
    from robot_agent.skills.library import wired_skills
  File "/mnt/workspace/JCIIOT2026/JCIIOT/src/robot_agent/skills/library.py", line 18, in <module>
    from robot_agent.skills.place_down import PlaceDownSkill
  File "/mnt/workspace/JCIIOT2026/JCIIOT/src/robot_agent/skills/place_down.py", line 10, in <module>
    from robot_agent.skills.pick_up import _resolve_station_name
ImportError: cannot import name '_resolve_station_name' from 'robot_agent.skills.pick_up' (/mnt/workspace/JCIIOT2026/JCIIOT/src/robot_agent/skills/pick_up.py)

