/mnt/workspace/JCIIOT2026/JCIIOT/robosuite/robosuite/__init__.py:49: SyntaxWarning: invalid escape sequence '\ '
  /[_]\  [~]\/    |//  |
[robosuite WARNING] No private macro file found! (macros.py:57)
[robosuite WARNING] It is recommended to use a private macro file (macros.py:58)
[robosuite WARNING] To setup, run: python /mnt/workspace/JCIIOT2026/JCIIOT/robosuite/robosuite/scripts/setup_macros.py (macros.py:59)
[robosuite WARNING] Could not import robosuite_models. Some robots may not be available. If you want to use these robots, please install robosuite_models from source (https://github.com/ARISE-Initiative/robosuite_models) or through pip install. (__init__.py:31)
[robosuite WARNING] Could not load the mink-based whole-body IK. Make sure you install related import properly (e.g. pip install mink==0.0.5), otherwise you will not be able to use the default IK controller setting for GR1 robot. (__init__.py:41)
[robosuite INFO] Loading controller configuration from: /mnt/workspace/JCIIOT2026/JCIIOT/robosuite/robosuite/controllers/config/robots/default_tiago.json (composite_controller_factory.py:121)
[robosuite INFO] Loading controller configuration from: /mnt/workspace/JCIIOT2026/JCIIOT/robosuite/robosuite/controllers/config/robots/default_tiago.json (composite_controller_factory.py:121)
[robosuite INFO] Loading controller configuration from: /mnt/workspace/JCIIOT2026/JCIIOT/robosuite/robosuite/controllers/config/robots/default_tiago.json (composite_controller_factory.py:121)
[robosuite INFO] Loading controller configuration from: /mnt/workspace/JCIIOT2026/JCIIOT/robosuite/robosuite/controllers/config/robots/default_tiago.json (composite_controller_factory.py:121)

============= Initialized Observation Utils with Obs Spec =============

using obs modality: low_dim with keys: ['robot0_right_eef_quat', 'robot0_right_gripper_qpos', 'robot0_left_gripper_qpos', 'robot0_left_eef_pos', 'robot0_right_eef_pos', 'robot0_left_eef_quat']
using obs modality: rgb with keys: []
using obs modality: depth with keys: []
using obs modality: scan with keys: []
Loaded robomimic checkpoint: /mnt/workspace/JCIIOT2026/JCIIOT/robosuite/robosuite/model_epoch_150.pth
Evaluation device: cuda:0
[BACKEND v4] grasp_object_physics called
[robosuite INFO] Loading controller configuration from: /mnt/workspace/JCIIOT2026/JCIIOT/robosuite/robosuite/controllers/config/robots/default_tiago.json (composite_controller_factory.py:121)
Evaluation factory scene: FactorySorting5_3FO3ERTPXEUT
[STANCE_FIX] obj=(1.324,5.312) base=(13.011,3.924) desired=(2.264,5.312) y_err=1.388 x_err=10.746 -> recreating env
[robosuite INFO] Loading controller configuration from: /mnt/workspace/JCIIOT2026/JCIIOT/robosuite/robosuite/controllers/config/robots/default_tiago.json (composite_controller_factory.py:121)
Evaluation factory scene: FactorySorting5_3FO3ERTPXEUT
[BC_INPUT] robot_base_pos=(2.264496,5.311863,0.000000)
[BC_INPUT] robot_base_ori=[0.000000,0.000000,-3.139453] (yaw=-0.9993*pi)
[BC_INPUT] actual_base_pose=(2.264496,5.311863) yaw=-3.139453
[BC_INPUT] object_name=orange_tote_b01_upper
[BC_INPUT] torso_lift=0.3500
[BC_INPUT] arm_right_1=0.7426
[BC_INPUT] arm_right_3=2.1378
[BC_INPUT] arm_right_4=2.1057
[BC_INPUT] gripper_r=0.0120
[BC_INPUT] scene=FactorySorting5_3FO3ERTPXEUT
[BC_INPUT] object orange_tote_b01_lower: pos=(1.3245,4.6998,1.2890)
[BC_INPUT] object orange_tote_b01_upper: pos=(1.3245,5.3119,1.2890)
[BC_INPUT] object blue_container_h10_back: pos=(-4.4975,4.9334,1.1740)
[BC_INPUT] object blue_tote_b01_far_left: pos=(-6.1702,8.4937,1.2890)
[BC_INPUT] object blue_tote_b01_near_left: pos=(-5.5981,8.4937,1.2890)
[BC_INPUT] object blue_tote_b01_far_right: pos=(-0.2152,8.4731,1.2890)
[BC_INPUT] object blue_tote_b01_near_right: pos=(0.4418,8.4731,1.2890)
Target object: orange_tote_b01_upper
Robot base xy at reset: (2.264496, 5.311863)
Tracking sites: {'right': 'orange_tote_b01_upper_right_grasp_site', 'left': 'orange_tote_b01_upper_left_grasp_site'}
Below-site grasp targets: {'right': array([ 0.165, -0.215,  0.165]), 'left': array([-0.165, -0.215,  0.165])}
wrapped_env_grasp_start_pose: x=2.264496, y=5.311863, yaw=-3.139453
Executing scripted grasp policy (deterministic OSC waypoint servo)
[SCRIPTED] site_positions (world): {'right': 'orange_tote_b01_upper_right_grasp_site', 'left': 'orange_tote_b01_upper_left_grasp_site'}
[SCRIPTED] right site world pos: [1.489496  5.096863  1.4889995], below_target: [1.489496  5.096863  1.4539995]
[SCRIPTED] left site world pos: [1.159496  5.096863  1.4889995], below_target: [1.159496  5.096863  1.4539995]
[SCRIPTED] eef starts: right=[1.89589218 5.5798201  1.1359892 ], left=[1.88056041 5.12612964 1.1086439 ]
[SCRIPTED] xwall-grasp: obj=(1.324,5.312) targets: right=[1.624496  5.431863  1.4539995], left=[1.624496  5.191863  1.4539995]
[SCRIPTED] contact rejection disabled (approach phases)
[SCRIPTED] Phase 1: safe vertical lift (60 steps, safe_z=1.739)
[SCRIPTED] Phase 2: XY approach (120 steps)
[SCRIPTED] Phase 3: vertical descent (80 steps)
[SCRIPTED] Phase 4: settle gripper end centers (max 150 steps)
gripper end center arrival distances before grasp: {'right': 0.027749288488058257, 'left': 0.029872755383698265}
[SCRIPTED] Phase 5: grasp close (40 steps)
After scripted grasp close object collision geoms: ['orange_tote_b01_upper_tote_b01_col_bottom', 'orange_tote_b01_upper_tote_b01_col_front', 'orange_tote_b01_upper_tote_b01_col_back', 'orange_tote_b01_upper_tote_b01_col_left', 'orange_tote_b01_upper_tote_b01_col_right']
After scripted grasp close gripper end targets: {'right': [1.6245, 5.4319, 1.454], 'left': [1.6245, 5.1919, 1.454]}
After scripted grasp close gripper end positions: {'right': [1.6325, 5.4303, 1.4752], 'left': [1.6338, 5.1924, 1.4773]}
After scripted grasp close gripper end deltas current-minus-target: {'right': [0.0081, -0.0016, 0.0212], 'left': [0.0093, 0.0005, 0.0233]}
After scripted grasp close gripper end distances: {'right': 0.022733283261233174, 'left': 0.025109386346479426}
After scripted grasp close fingerpad contact status: {'right': {'left_fingerpad': True, 'right_fingerpad': True}, 'left': {'left_fingerpad': True, 'right_fingerpad': True}}
After scripted grasp close fingerpad contact pairs: {'right': {'left_fingerpad': [('gripper0_right_left_fingerpad_collision', 'orange_tote_b01_upper_tote_b01_col_right')], 'right_fingerpad': [('gripper0_right_right_fingerpad_collision', 'orange_tote_b01_upper_tote_b01_col_right')]}, 'left': {'left_fingerpad': [('gripper0_left_left_fingerpad_collision', 'orange_tote_b01_upper_tote_b01_col_right')], 'right_fingerpad': [('gripper0_left_right_fingerpad_collision', 'orange_tote_b01_upper_tote_b01_col_right')]}}
After scripted grasp close grasp status: {'right': True, 'left': True}
[SCRIPTED] Phase 6: post-success hold (10 steps)
Holding final grasp action for 12 steps
After same-env wrapped policy execution object collision geoms: ['orange_tote_b01_upper_tote_b01_col_bottom', 'orange_tote_b01_upper_tote_b01_col_front', 'orange_tote_b01_upper_tote_b01_col_back', 'orange_tote_b01_upper_tote_b01_col_left', 'orange_tote_b01_upper_tote_b01_col_right']
After same-env wrapped policy execution gripper end targets: {'right': [1.6245, 5.4319, 1.454], 'left': [1.6245, 5.1919, 1.454]}
After same-env wrapped policy execution gripper end positions: {'right': [1.638, 5.4302, 1.4762], 'left': [1.6393, 5.1924, 1.4783]}
After same-env wrapped policy execution gripper end deltas current-minus-target: {'right': [0.0135, -0.0017, 0.0222], 'left': [0.0148, 0.0006, 0.0243]}
After same-env wrapped policy execution gripper end distances: {'right': 0.02601278919722092, 'left': 0.02846229640942217}
After same-env wrapped policy execution fingerpad contact status: {'right': {'left_fingerpad': True, 'right_fingerpad': True}, 'left': {'left_fingerpad': True, 'right_fingerpad': True}}
After same-env wrapped policy execution fingerpad contact pairs: {'right': {'left_fingerpad': [('gripper0_right_left_fingerpad_collision', 'orange_tote_b01_upper_tote_b01_col_right')], 'right_fingerpad': [('gripper0_right_right_fingerpad_collision', 'orange_tote_b01_upper_tote_b01_col_right')]}, 'left': {'left_fingerpad': [('gripper0_left_left_fingerpad_collision', 'orange_tote_b01_upper_tote_b01_col_right')], 'right_fingerpad': [('gripper0_left_right_fingerpad_collision', 'orange_tote_b01_upper_tote_b01_col_right')]}}
After same-env wrapped policy execution grasp status: {'right': True, 'left': True}
Scripted grasp total_steps=310
Same-env wrapped grasp success: True
lift_initial_grasp_status: {'right': True, 'left': True}
lift_start: object=orange_tote_b01_upper, start_object_z=1.499500, target_object_z=1.649500, lift_height=0.150000
lift_result: success=True, final_object_z=1.601461, lifted=0.101961, target_lift=0.150000, final_grasp_status={'right': True, 'left': True}
[BACKEND] grasp and lift succeeded, proceeding with transport
transport_attachment_enabled: object=orange_tote_b01_upper, joint=orange_tote_b01_upper_joint0, relative_xy=[1.0994, -0.016], world_z=1.403445, held_gripper_joints=12
turn_to_output_result: success=True, turn_steps=40, target_yaw=-0.035899, final_yaw=-0.035962, final_error=0.000063, xy_drift=0.000000
