/mnt/workspace/JCIIOT2026/JCIIOT/robosuite/robosuite/__init__.py:49: SyntaxWarning: invalid escape sequence '\ '
  /[_]\  [~]\/    |//  |
[robosuite WARNING] No private macro file found! (macros.py:57)
[robosuite WARNING] It is recommended to use a private macro file (macros.py:58)
[robosuite WARNING] To setup, run: python /mnt/workspace/JCIIOT2026/JCIIOT/robosuite/robosuite/scripts/setup_macros.py (macros.py:59)
[robosuite WARNING] Could not import robosuite_models. Some robots may not be available. If you want to use these robots, please install robosuite_models from source (https://github.com/ARISE-Initiative/robosuite_models) or through pip install. (__init__.py:31)
[robosuite WARNING] Could not load the mink-based whole-body IK. Make sure you install related import properly (e.g. pip install mink==0.0.5), otherwise you will not be able to use the default IK controller setting for GR1 robot. (__init__.py:41)
[robosuite INFO] Loading controller configuration from: /mnt/workspace/JCIIOT2026/JCIIOT/robosuite/robosuite/controllers/config/robots/default_tiago.json (composite_controller_factory.py:121)
[robosuite INFO] Loading controller configuration from: /mnt/workspace/JCIIOT2026/JCIIOT/robosuite/robosuite/controllers/config/robots/default_tiago.json (composite_controller_factory.py:121)
[robosuite INFO] Loading controller configuration from: /mnt/workspace/JCIIOT2026/JCIIOT/robosuite/robosuite/controllers/config/robots/default_tiago.json (composite_controller_factory.py:121)
[robosuite INFO] Loading controller configuration from: /mnt/workspace/JCIIOT2026/JCIIOT/robosuite/robosuite/controllers/config/robots/default_tiago.json (composite_controller_factory.py:121)

============= Initialized Observation Utils with Obs Spec =============

using obs modality: low_dim with keys: ['robot0_left_eef_pos', 'robot0_right_gripper_qpos', 'robot0_left_eef_quat', 'robot0_right_eef_pos', 'robot0_left_gripper_qpos', 'robot0_right_eef_quat']
using obs modality: rgb with keys: []
using obs modality: depth with keys: []
using obs modality: scan with keys: []
Loaded robomimic checkpoint: /mnt/workspace/JCIIOT2026/JCIIOT/robosuite/robosuite/model_epoch_150.pth
Evaluation device: cuda:0
[BACKEND v4] grasp_object_physics called
[robosuite INFO] Loading controller configuration from: /mnt/workspace/JCIIOT2026/JCIIOT/robosuite/robosuite/controllers/config/robots/default_tiago.json (composite_controller_factory.py:121)
Evaluation factory scene: FactorySorting7_3FO3ERFKY9RN
[STANCE_FIX] obj=(-9.848,5.343) base=(-8.283,5.010) desired=(-8.908,5.343) y_err=0.333 x_err=0.625 -> recreating env
[robosuite INFO] Loading controller configuration from: /mnt/workspace/JCIIOT2026/JCIIOT/robosuite/robosuite/controllers/config/robots/default_tiago.json (composite_controller_factory.py:121)
Evaluation factory scene: FactorySorting7_3FO3ERFKY9RN
[BC_INPUT] robot_base_pos=(-8.908312,5.343394,0.000000)
[BC_INPUT] robot_base_ori=[0.000000,0.000000,-3.140000] (yaw=-0.9995*pi)
[BC_INPUT] actual_base_pose=(-8.908312,5.343394) yaw=-3.140000
[BC_INPUT] object_name=blue_container_h01_back_upper
[BC_INPUT] torso_lift=0.3500
[BC_INPUT] arm_right_1=0.7426
[BC_INPUT] arm_right_3=2.1378
[BC_INPUT] arm_right_4=2.1057
[BC_INPUT] gripper_r=0.0120
[BC_INPUT] scene=FactorySorting7_3FO3ERFKY9RN
[BC_INPUT] object blue_container_h10_left: pos=(-4.4856,4.4451,1.1740)
[BC_INPUT] object blue_container_h10_center: pos=(-4.4856,4.9821,1.1740)
[BC_INPUT] object blue_container_h10_right: pos=(-4.4856,5.5114,1.1740)
[BC_INPUT] object blue_container_h01_back_lower: pos=(-9.8483,4.5420,1.2140)
[BC_INPUT] object blue_container_h01_back_upper: pos=(-9.8483,5.3434,1.2244)
[BC_INPUT] object green_tote_b01_left_front: pos=(-14.7294,4.5533,1.2890)
[BC_INPUT] object green_tote_b01_left_center: pos=(-14.7294,4.9847,1.2890)
[BC_INPUT] object green_tote_b01_left_back: pos=(-14.7294,5.5046,1.2890)
[BC_INPUT] object green_tote_b01_right_left: pos=(-6.2435,8.4887,1.2890)
[BC_INPUT] object green_tote_b01_right_right: pos=(-5.4853,8.4887,1.2890)
Target object: blue_container_h01_back_upper
Robot base xy at reset: (-8.908312, 5.343394)
Tracking sites: {'right': 'blue_container_h01_back_upper_right_grasp_site', 'left': 'blue_container_h01_back_upper_left_grasp_site'}
Below-site grasp targets: {'right': array([ 0.166, -0.218,  0.09 ]), 'left': array([-0.166, -0.218,  0.09 ])}
wrapped_env_grasp_start_pose: x=-8.908312, y=5.343394, yaw=-3.140000
Executing scripted grasp policy (deterministic OSC waypoint servo)
[SCRIPTED] site_positions (world): {'right': 'blue_container_h01_back_upper_right_grasp_site', 'left': 'blue_container_h01_back_upper_left_grasp_site'}
[SCRIPTED] right site world pos: [-9.630312   5.509394   1.3493825], below_target: [-9.630312   5.509394   1.3143825]
[SCRIPTED] left site world pos: [-9.630312   5.177394   1.3493825], below_target: [-9.630312   5.177394   1.3143825]
[SCRIPTED] eef starts: right=[-9.27676919  5.61155269  1.1359892 ], left=[-9.29234913  5.15787068  1.1086439 ]
[SCRIPTED] nominal sites already on +x wall (dx=0.218), keeping them
[SCRIPTED] contact rejection disabled (approach phases)
[SCRIPTED] Phase 1: safe vertical lift (60 steps, safe_z=1.599)
[SCRIPTED] Phase 2: XY approach (120 steps)
[SCRIPTED] Phase 3: vertical descent (80 steps)
[SCRIPTED] Phase 4: settle gripper end centers (max 150 steps)
gripper end center arrival distances before grasp: {'right': 0.024422611319006433, 'left': 0.027261447572981205}
[SCRIPTED] Phase 5: grasp close (40 steps)
After scripted grasp close object collision geoms: ['blue_container_h01_back_upper_container_h01_col_bottom', 'blue_container_h01_back_upper_container_h01_col_front', 'blue_container_h01_back_upper_container_h01_col_back', 'blue_container_h01_back_upper_container_h01_col_left', 'blue_container_h01_back_upper_container_h01_col_right']
After scripted grasp close gripper end targets: {'right': [-9.6303, 5.5094, 1.3144], 'left': [-9.6303, 5.1774, 1.3144]}
After scripted grasp close gripper end positions: {'right': [-9.6275, 5.51, 1.3358], 'left': [-9.6259, 5.1755, 1.3383]}
After scripted grasp close gripper end deltas current-minus-target: {'right': [0.0028, 0.0006, 0.0214], 'left': [0.0044, -0.0019, 0.024]}
After scripted grasp close gripper end distances: {'right': 0.02162538969122269, 'left': 0.02443871184343123}
After scripted grasp close fingerpad contact status: {'right': {'left_fingerpad': True, 'right_fingerpad': True}, 'left': {'left_fingerpad': True, 'right_fingerpad': True}}
After scripted grasp close fingerpad contact pairs: {'right': {'left_fingerpad': [('gripper0_right_left_fingerpad_collision', 'blue_container_h01_back_upper_container_h01_col_front')], 'right_fingerpad': [('gripper0_right_right_fingerpad_collision', 'blue_container_h01_back_upper_container_h01_col_front')]}, 'left': {'left_fingerpad': [('gripper0_left_left_fingerpad_collision', 'blue_container_h01_back_upper_container_h01_col_front')], 'right_fingerpad': [('gripper0_left_right_fingerpad_collision', 'blue_container_h01_back_upper_container_h01_col_front')]}}
After scripted grasp close grasp status: {'right': True, 'left': True}
[SCRIPTED] Phase 6: post-success hold (10 steps)
Holding final grasp action for 12 steps
After same-env wrapped policy execution object collision geoms: ['blue_container_h01_back_upper_container_h01_col_bottom', 'blue_container_h01_back_upper_container_h01_col_front', 'blue_container_h01_back_upper_container_h01_col_back', 'blue_container_h01_back_upper_container_h01_col_left', 'blue_container_h01_back_upper_container_h01_col_right']
After same-env wrapped policy execution gripper end targets: {'right': [-9.6303, 5.5094, 1.3144], 'left': [-9.6303, 5.1774, 1.3144]}
After same-env wrapped policy execution gripper end positions: {'right': [-9.6188, 5.5101, 1.3358], 'left': [-9.6172, 5.1753, 1.3385]}
After same-env wrapped policy execution gripper end deltas current-minus-target: {'right': [0.0115, 0.0007, 0.0214], 'left': [0.0131, -0.0021, 0.0241]}
After same-env wrapped policy execution gripper end distances: {'right': 0.024298508824088752, 'left': 0.027495756604014016}
After same-env wrapped policy execution fingerpad contact status: {'right': {'left_fingerpad': True, 'right_fingerpad': True}, 'left': {'left_fingerpad': True, 'right_fingerpad': True}}
After same-env wrapped policy execution fingerpad contact pairs: {'right': {'left_fingerpad': [('gripper0_right_left_fingerpad_collision', 'blue_container_h01_back_upper_container_h01_col_front')], 'right_fingerpad': [('gripper0_right_right_fingerpad_collision', 'blue_container_h01_back_upper_container_h01_col_front')]}, 'left': {'left_fingerpad': [('gripper0_left_left_fingerpad_collision', 'blue_container_h01_back_upper_container_h01_col_front')], 'right_fingerpad': [('gripper0_left_right_fingerpad_collision', 'blue_container_h01_back_upper_container_h01_col_front')]}}
After same-env wrapped policy execution grasp status: {'right': True, 'left': True}
Scripted grasp total_steps=310
Same-env wrapped grasp success: True
lift_initial_grasp_status: {'right': True, 'left': True}
lift_start: object=blue_container_h01_back_upper, start_object_z=1.372926, target_object_z=1.522926, lift_height=0.150000
lift_result: success=True, final_object_z=1.500238, lifted=0.127312, target_lift=0.150000, final_grasp_status={'right': True, 'left': True}
[BACKEND] grasp and lift succeeded, proceeding with transport
transport_attachment_enabled: object=blue_container_h01_back_upper, joint=blue_container_h01_back_upper_joint0, relative_xy=[1.0077, -0.0046], world_z=1.387795, held_gripper_joints=12
turn_to_output_result: success=True, turn_steps=40, target_yaw=-0.003652, final_yaw=-0.003626, final_error=-0.000026, xy_drift=0.000000
