/mnt/workspace/JCIIOT2026/JCIIOT/robosuite/robosuite/__init__.py:49: SyntaxWarning: invalid escape sequence '\ '
  /[_]\  [~]\/    |//  |
[robosuite WARNING] No private macro file found! (macros.py:57)
[robosuite WARNING] It is recommended to use a private macro file (macros.py:58)
[robosuite WARNING] To setup, run: python /mnt/workspace/JCIIOT2026/JCIIOT/robosuite/robosuite/scripts/setup_macros.py (macros.py:59)
[robosuite WARNING] Could not import robosuite_models. Some robots may not be available. If you want to use these robots, please install robosuite_models from source (https://github.com/ARISE-Initiative/robosuite_models) or through pip install. (__init__.py:31)
[robosuite WARNING] Could not load the mink-based whole-body IK. Make sure you install related import properly (e.g. pip install mink==0.0.5), otherwise you will not be able to use the default IK controller setting for GR1 robot. (__init__.py:41)
[robosuite INFO] Loading controller configuration from: /mnt/workspace/JCIIOT2026/JCIIOT/robosuite/robosuite/controllers/config/robots/default_tiago.json (composite_controller_factory.py:121)
[robosuite INFO] Loading controller configuration from: /mnt/workspace/JCIIOT2026/JCIIOT/robosuite/robosuite/controllers/config/robots/default_tiago.json (composite_controller_factory.py:121)
[robosuite INFO] Loading controller configuration from: /mnt/workspace/JCIIOT2026/JCIIOT/robosuite/robosuite/controllers/config/robots/default_tiago.json (composite_controller_factory.py:121)
[robosuite INFO] Loading controller configuration from: /mnt/workspace/JCIIOT2026/JCIIOT/robosuite/robosuite/controllers/config/robots/default_tiago.json (composite_controller_factory.py:121)

============= Initialized Observation Utils with Obs Spec =============

using obs modality: low_dim with keys: ['robot0_right_eef_quat', 'robot0_left_gripper_qpos', 'robot0_right_eef_pos', 'robot0_left_eef_quat', 'robot0_right_gripper_qpos', 'robot0_left_eef_pos']
using obs modality: rgb with keys: []
using obs modality: depth with keys: []
using obs modality: scan with keys: []
Loaded robomimic checkpoint: /mnt/workspace/JCIIOT2026/JCIIOT/robosuite/robosuite/model_epoch_150.pth
Evaluation device: cuda:0
[BACKEND v4] grasp_object_physics called
[robosuite INFO] Loading controller configuration from: /mnt/workspace/JCIIOT2026/JCIIOT/robosuite/robosuite/controllers/config/robots/default_tiago.json (composite_controller_factory.py:121)
Evaluation factory scene: FactorySorting9_3FO3ERT2C5FP
[STANCE_FIX] obj=(-14.674,4.955) base=(-13.626,4.951) OK
[BC_INPUT] robot_base_pos=(-13.626354,4.950546,0.000000)
[BC_INPUT] robot_base_ori=[0.000000,0.000000,-3.139451] (yaw=-0.9993*pi)
[BC_INPUT] actual_base_pose=(-13.626354,4.950546) yaw=-3.139451
[BC_INPUT] object_name=white_tote_b01_left_center
[BC_INPUT] torso_lift=0.3500
[BC_INPUT] arm_right_1=0.7426
[BC_INPUT] arm_right_3=2.1378
[BC_INPUT] arm_right_4=2.1057
[BC_INPUT] gripper_r=0.0120
[BC_INPUT] scene=FactorySorting9_3FO3ERT2C5FP
[BC_INPUT] object dark_tote_b01_lower: pos=(-4.4877,4.4961,1.2890)
[BC_INPUT] object dark_tote_b01_upper: pos=(-4.4877,5.1895,1.2890)
[BC_INPUT] object blue_container_h01_back_left: pos=(-9.9453,4.4392,1.2140)
[BC_INPUT] object blue_container_h01_back_center: pos=(-9.9453,4.9181,1.2140)
[BC_INPUT] object blue_container_h01_back_right: pos=(-9.9453,5.4052,1.2140)
[BC_INPUT] object white_tote_b01_left_front: pos=(-14.6741,4.4149,1.2890)
[BC_INPUT] object white_tote_b01_left_center: pos=(-14.6741,4.9547,1.2890)
[BC_INPUT] object white_tote_b01_left_back: pos=(-14.6741,5.5210,1.2890)
[BC_INPUT] object white_tote_b01_right_left: pos=(-6.2060,8.4731,1.2890)
[BC_INPUT] object white_tote_b01_right_right: pos=(-5.5060,8.4731,1.2890)
Target object: white_tote_b01_left_center
Robot base xy at reset: (-13.626354, 4.950546)
Tracking sites: {'right': 'white_tote_b01_left_center_right_grasp_site', 'left': 'white_tote_b01_left_center_left_grasp_site'}
Below-site grasp targets: {'right': array([ 0.165, -0.215,  0.165]), 'left': array([-0.165, -0.215,  0.165])}
wrapped_env_grasp_start_pose: x=-13.626354, y=4.950546, yaw=-3.139451
Executing scripted grasp policy (deterministic OSC waypoint servo)
[SCRIPTED] site_positions (world): {'right': 'white_tote_b01_left_center_right_grasp_site', 'left': 'white_tote_b01_left_center_left_grasp_site'}
[SCRIPTED] right site world pos: [-14.509088   4.739705   1.489   ], below_target: [-14.509088   4.739705   1.454   ]
[SCRIPTED] left site world pos: [-14.839088   4.739705   1.489   ], below_target: [-14.839088   4.739705   1.454   ]
[SCRIPTED] eef starts: right=[-13.99495879   5.21850203   1.1359892 ], left=[-14.01028945   4.76481154   1.1086439 ]
[SCRIPTED] nominal sites already on +x wall (dx=0.165), keeping them
[SCRIPTED] contact rejection disabled (approach phases)
[SCRIPTED] Phase 1: safe vertical lift (60 steps, safe_z=1.739)
[SCRIPTED] Phase 2: XY approach (120 steps)
After same-env wrapped policy execution object collision geoms: ['white_tote_b01_left_center_tote_b01_col_bottom', 'white_tote_b01_left_center_tote_b01_col_front', 'white_tote_b01_left_center_tote_b01_col_back', 'white_tote_b01_left_center_tote_b01_col_left', 'white_tote_b01_left_center_tote_b01_col_right']
After same-env wrapped policy execution gripper end targets: {'right': [-14.5091, 4.7397, 1.454], 'left': [-14.8391, 4.7397, 1.454]}
After same-env wrapped policy execution gripper end positions: {'right': [-14.486, 4.9009, 1.733], 'left': [-14.3478, 4.1766, 1.402]}
After same-env wrapped policy execution gripper end deltas current-minus-target: {'right': [0.0231, 0.1612, 0.279], 'left': [0.4913, -0.5631, -0.052]}
After same-env wrapped policy execution gripper end distances: {'right': 0.32308542535903306, 'left': 0.7490820125724558}
After same-env wrapped policy execution fingerpad contact status: {'right': {'left_fingerpad': False, 'right_fingerpad': False}, 'left': {'left_fingerpad': False, 'right_fingerpad': False}}
After same-env wrapped policy execution fingerpad contact pairs: {'right': {'left_fingerpad': [], 'right_fingerpad': []}, 'left': {'left_fingerpad': [], 'right_fingerpad': []}}
After same-env wrapped policy execution grasp status: {'right': False, 'left': False}
Scripted grasp total_steps=180
Same-env wrapped grasp success: False
Scripted grasp failure: XY approach target tolerance failed after settle: {'right': 0.14758895137511566, 'left': 0.8147113894061152}
lift_initial_grasp_status: {'right': False, 'left': False}
[BACKEND] grasp pipeline failed, skipping transport attachment: grasp_success=False, lift_success=False, lift_failure=object is not grasped by both grippers: {'right': False, 'left': False}
L5: grasp failed for white_tote_b01_left_center, trying next tote
[BACKEND v4] grasp_object_physics called
[robosuite INFO] Loading controller configuration from: /mnt/workspace/JCIIOT2026/JCIIOT/robosuite/robosuite/controllers/config/robots/default_tiago.json (composite_controller_factory.py:121)
Evaluation factory scene: FactorySorting9_3FO3ERT2C5FP
[STANCE_FIX] obj=(-14.674,4.415) base=(-13.627,4.409) OK
[BC_INPUT] robot_base_pos=(-13.627124,4.408910,0.000000)
[BC_INPUT] robot_base_ori=[0.000000,0.000000,-3.139552] (yaw=-0.9994*pi)
[BC_INPUT] actual_base_pose=(-13.627124,4.408910) yaw=-3.139552
[BC_INPUT] object_name=white_tote_b01_left_front
[BC_INPUT] torso_lift=0.3500
[BC_INPUT] arm_right_1=0.7426
[BC_INPUT] arm_right_3=2.1378
[BC_INPUT] arm_right_4=2.1057
[BC_INPUT] gripper_r=0.0120
[BC_INPUT] scene=FactorySorting9_3FO3ERT2C5FP
[BC_INPUT] object dark_tote_b01_lower: pos=(-4.4877,4.4961,1.2890)
[BC_INPUT] object dark_tote_b01_upper: pos=(-4.4877,5.1895,1.2890)
[BC_INPUT] object blue_container_h01_back_left: pos=(-9.9453,4.4392,1.2140)
[BC_INPUT] object blue_container_h01_back_center: pos=(-9.9453,4.9181,1.2140)
[BC_INPUT] object blue_container_h01_back_right: pos=(-9.9453,5.4052,1.2140)
[BC_INPUT] object white_tote_b01_left_front: pos=(-14.6741,4.4149,1.2890)
[BC_INPUT] object white_tote_b01_left_center: pos=(-14.6741,4.9547,1.2890)
[BC_INPUT] object white_tote_b01_left_back: pos=(-14.6741,5.5210,1.2890)
[BC_INPUT] object white_tote_b01_right_left: pos=(-6.2060,8.4731,1.2890)
[BC_INPUT] object white_tote_b01_right_right: pos=(-5.5060,8.4731,1.2890)
Target object: white_tote_b01_left_front
Robot base xy at reset: (-13.627124, 4.408910)
Tracking sites: {'right': 'white_tote_b01_left_front_right_grasp_site', 'left': 'white_tote_b01_left_front_left_grasp_site'}
Below-site grasp targets: {'right': array([ 0.165, -0.215,  0.165]), 'left': array([-0.165, -0.215,  0.165])}
wrapped_env_grasp_start_pose: x=-13.627124, y=4.408910, yaw=-3.139552
Executing scripted grasp policy (deterministic OSC waypoint servo)
[SCRIPTED] site_positions (world): {'right': 'white_tote_b01_left_front_right_grasp_site', 'left': 'white_tote_b01_left_front_left_grasp_site'}
[SCRIPTED] right site world pos: [-14.509088   4.199868   1.489   ], below_target: [-14.509088   4.199868   1.454   ]
[SCRIPTED] left site world pos: [-14.839088   4.199868   1.489   ], below_target: [-14.839088   4.199868   1.454   ]
[SCRIPTED] eef starts: right=[-13.99570082   4.67690407   1.1359892 ], left=[-14.01107756   4.22321513   1.1086439 ]
[SCRIPTED] nominal sites already on +x wall (dx=0.165), keeping them
[SCRIPTED] contact rejection disabled (approach phases)
[SCRIPTED] Phase 1: safe vertical lift (60 steps, safe_z=1.739)
[SCRIPTED] Phase 2: XY approach (120 steps)
After same-env wrapped policy execution object collision geoms: ['white_tote_b01_left_front_tote_b01_col_bottom', 'white_tote_b01_left_front_tote_b01_col_front', 'white_tote_b01_left_front_tote_b01_col_back', 'white_tote_b01_left_front_tote_b01_col_left', 'white_tote_b01_left_front_tote_b01_col_right']
After same-env wrapped policy execution gripper end targets: {'right': [-14.5091, 4.1999, 1.454], 'left': [-14.8391, 4.1999, 1.454]}
After same-env wrapped policy execution gripper end positions: {'right': [-14.4855, 4.3597, 1.7331], 'left': [-14.4587, 4.1449, 1.1368]}
After same-env wrapped policy execution gripper end deltas current-minus-target: {'right': [0.0235, 0.1598, 0.2791], 'left': [0.3804, -0.0549, -0.3172]}
After same-env wrapped policy execution gripper end distances: {'right': 0.322521347206761, 'left': 0.4983396986036344}
After same-env wrapped policy execution fingerpad contact status: {'right': {'left_fingerpad': False, 'right_fingerpad': False}, 'left': {'left_fingerpad': False, 'right_fingerpad': False}}
After same-env wrapped policy execution fingerpad contact pairs: {'right': {'left_fingerpad': [], 'right_fingerpad': []}, 'left': {'left_fingerpad': [], 'right_fingerpad': []}}
After same-env wrapped policy execution grasp status: {'right': False, 'left': False}
Scripted grasp total_steps=180
Same-env wrapped grasp success: False
Scripted grasp failure: XY approach target tolerance failed after settle: {'right': 0.14609005112564447, 'left': 0.7188631226139259}
lift_initial_grasp_status: {'right': False, 'left': False}
[BACKEND] grasp pipeline failed, skipping transport attachment: grasp_success=False, lift_success=False, lift_failure=object is not grasped by both grippers: {'right': False, 'left': False}
L5: grasp failed for white_tote_b01_left_front, trying next tote
[BACKEND v4] grasp_object_physics called
[robosuite INFO] Loading controller configuration from: /mnt/workspace/JCIIOT2026/JCIIOT/robosuite/robosuite/controllers/config/robots/default_tiago.json (composite_controller_factory.py:121)
Evaluation factory scene: FactorySorting9_3FO3ERT2C5FP
[STANCE_FIX] obj=(-14.674,5.521) base=(-13.623,5.487) OK
[BC_INPUT] robot_base_pos=(-13.623173,5.487234,0.000000)
[BC_INPUT] robot_base_ori=[0.000000,0.000000,-3.138693] (yaw=-0.9991*pi)
[BC_INPUT] actual_base_pose=(-13.623173,5.487234) yaw=-3.138693
[BC_INPUT] object_name=white_tote_b01_left_back
[BC_INPUT] torso_lift=0.3500
[BC_INPUT] arm_right_1=0.7426
[BC_INPUT] arm_right_3=2.1378
[BC_INPUT] arm_right_4=2.1057
[BC_INPUT] gripper_r=0.0120
[BC_INPUT] scene=FactorySorting9_3FO3ERT2C5FP
[BC_INPUT] object dark_tote_b01_lower: pos=(-4.4877,4.4961,1.2890)
[BC_INPUT] object dark_tote_b01_upper: pos=(-4.4877,5.1895,1.2890)
[BC_INPUT] object blue_container_h01_back_left: pos=(-9.9453,4.4392,1.2140)
[BC_INPUT] object blue_container_h01_back_center: pos=(-9.9453,4.9181,1.2140)
[BC_INPUT] object blue_container_h01_back_right: pos=(-9.9453,5.4052,1.2140)
[BC_INPUT] object white_tote_b01_left_front: pos=(-14.6741,4.4149,1.2890)
[BC_INPUT] object white_tote_b01_left_center: pos=(-14.6741,4.9547,1.2890)
[BC_INPUT] object white_tote_b01_left_back: pos=(-14.6741,5.5210,1.2890)
[BC_INPUT] object white_tote_b01_right_left: pos=(-6.2060,8.4731,1.2890)
[BC_INPUT] object white_tote_b01_right_right: pos=(-5.5060,8.4731,1.2890)
Target object: white_tote_b01_left_back
Robot base xy at reset: (-13.623173, 5.487234)
Tracking sites: {'right': 'white_tote_b01_left_back_right_grasp_site', 'left': 'white_tote_b01_left_back_left_grasp_site'}
Below-site grasp targets: {'right': array([ 0.165, -0.215,  0.165]), 'left': array([-0.165, -0.215,  0.165])}
wrapped_env_grasp_start_pose: x=-13.623173, y=5.487234, yaw=-3.138693
Executing scripted grasp policy (deterministic OSC waypoint servo)
[SCRIPTED] site_positions (world): {'right': 'white_tote_b01_left_back_right_grasp_site', 'left': 'white_tote_b01_left_back_left_grasp_site'}
[SCRIPTED] right site world pos: [-14.509088   5.305966   1.489   ], below_target: [-14.509088   5.305966   1.454   ]
[SCRIPTED] left site world pos: [-14.839088   5.305966   1.489   ], below_target: [-14.839088   5.305966   1.454   ]
[SCRIPTED] eef starts: right=[-13.99198056   5.75491057   1.1359892 ], left=[-14.00696757   5.30120859   1.1086439 ]
[SCRIPTED] nominal sites already on +x wall (dx=0.165), keeping them
[SCRIPTED] contact rejection disabled (approach phases)
[SCRIPTED] Phase 1: safe vertical lift (60 steps, safe_z=1.739)
[SCRIPTED] Phase 2: XY approach (120 steps)
After same-env wrapped policy execution object collision geoms: ['white_tote_b01_left_back_tote_b01_col_bottom', 'white_tote_b01_left_back_tote_b01_col_front', 'white_tote_b01_left_back_tote_b01_col_back', 'white_tote_b01_left_back_tote_b01_col_left', 'white_tote_b01_left_back_tote_b01_col_right']
After same-env wrapped policy execution gripper end targets: {'right': [-14.5091, 5.306, 1.454], 'left': [-14.8391, 5.306, 1.454]}
After same-env wrapped policy execution gripper end positions: {'right': [-14.4857, 5.4429, 1.7331], 'left': [-14.4271, 5.0581, 1.1389]}
After same-env wrapped policy execution gripper end deltas current-minus-target: {'right': [0.0234, 0.137, 0.2791], 'left': [0.412, -0.2479, -0.3151]}
After same-env wrapped policy execution gripper end distances: {'right': 0.3117725624419091, 'left': 0.5749143772076802}
After same-env wrapped policy execution fingerpad contact status: {'right': {'left_fingerpad': False, 'right_fingerpad': False}, 'left': {'left_fingerpad': False, 'right_fingerpad': False}}
After same-env wrapped policy execution fingerpad contact pairs: {'right': {'left_fingerpad': [], 'right_fingerpad': []}, 'left': {'left_fingerpad': [], 'right_fingerpad': []}}
After same-env wrapped policy execution grasp status: {'right': False, 'left': False}
Scripted grasp total_steps=180
Same-env wrapped grasp success: False
Scripted grasp failure: XY approach target tolerance failed after settle: {'right': 0.12365169265738195, 'left': 0.7734892119310931}
lift_initial_grasp_status: {'right': False, 'left': False}
[BACKEND] grasp pipeline failed, skipping transport attachment: grasp_success=False, lift_success=False, lift_failure=object is not grasped by both grippers: {'right': False, 'left': False}
L5: grasp failed for white_tote_b01_left_back, trying next tote
Step 1 (pick_up): all 1 attempts failed
Step 2 (pick_up) failed: L5 multi-tote transport: 0/3 totes placed at output_6
Step 2 failed, fail_fast — stopping
