/mnt/workspace/JCIIOT2026/JCIIOT/robosuite/robosuite/__init__.py:49: SyntaxWarning: invalid escape sequence '\ '
  /[_]\  [~]\/    |//  |
[robosuite WARNING] No private macro file found! (macros.py:57)
[robosuite WARNING] It is recommended to use a private macro file (macros.py:58)
[robosuite WARNING] To setup, run: python /mnt/workspace/JCIIOT2026/JCIIOT/robosuite/robosuite/scripts/setup_macros.py (macros.py:59)
[robosuite WARNING] Could not import robosuite_models. Some robots may not be available. If you want to use these robots, please install robosuite_models from source (https://github.com/ARISE-Initiative/robosuite_models) or through pip install. (__init__.py:31)
[robosuite WARNING] Could not load the mink-based whole-body IK. Make sure you install related import properly (e.g. pip install mink==0.0.5), otherwise you will not be able to use the default IK controller setting for GR1 robot. (__init__.py:41)
[robosuite INFO] Loading controller configuration from: /mnt/workspace/JCIIOT2026/JCIIOT/robosuite/robosuite/controllers/config/robots/default_tiago.json (composite_controller_factory.py:121)
[robosuite INFO] Loading controller configuration from: /mnt/workspace/JCIIOT2026/JCIIOT/robosuite/robosuite/controllers/config/robots/default_tiago.json (composite_controller_factory.py:121)
[robosuite INFO] Loading controller configuration from: /mnt/workspace/JCIIOT2026/JCIIOT/robosuite/robosuite/controllers/config/robots/default_tiago.json (composite_controller_factory.py:121)
[robosuite INFO] Loading controller configuration from: /mnt/workspace/JCIIOT2026/JCIIOT/robosuite/robosuite/controllers/config/robots/default_tiago.json (composite_controller_factory.py:121)

============= Initialized Observation Utils with Obs Spec =============

using obs modality: low_dim with keys: ['robot0_right_eef_quat', 'robot0_left_eef_pos', 'robot0_left_gripper_qpos', 'robot0_right_eef_pos', 'robot0_right_gripper_qpos', 'robot0_left_eef_quat']
using obs modality: rgb with keys: []
using obs modality: depth with keys: []
using obs modality: scan with keys: []
Loaded robomimic checkpoint: /mnt/workspace/JCIIOT2026/JCIIOT/robosuite/robosuite/model_epoch_150.pth
Evaluation device: cuda:0
[BACKEND v4] grasp_object_physics called
[robosuite INFO] Loading controller configuration from: /mnt/workspace/JCIIOT2026/JCIIOT/robosuite/robosuite/controllers/config/robots/default_tiago.json (composite_controller_factory.py:121)
Evaluation factory scene: FactorySorting9_3FO3ERT2C5FP
[STANCE_FIX] obj=(-14.674,4.955) base=(-13.626,4.951) OK
[BC_INPUT] robot_base_pos=(-13.626354,4.950546,0.000000)
[BC_INPUT] robot_base_ori=[0.000000,0.000000,-3.139451] (yaw=-0.9993*pi)
[BC_INPUT] actual_base_pose=(-13.626354,4.950546) yaw=-3.139451
[BC_INPUT] object_name=white_tote_b01_left_center
[BC_INPUT] torso_lift=0.3500
[BC_INPUT] arm_right_1=0.7426
[BC_INPUT] arm_right_3=2.1378
[BC_INPUT] arm_right_4=2.1057
[BC_INPUT] gripper_r=0.0120
[BC_INPUT] scene=FactorySorting9_3FO3ERT2C5FP
[BC_INPUT] object dark_tote_b01_lower: pos=(-4.4877,4.4961,1.2890)
[BC_INPUT] object dark_tote_b01_upper: pos=(-4.4877,5.1895,1.2890)
[BC_INPUT] object blue_container_h01_back_left: pos=(-9.9453,4.4392,1.2140)
[BC_INPUT] object blue_container_h01_back_center: pos=(-9.9453,4.9181,1.2140)
[BC_INPUT] object blue_container_h01_back_right: pos=(-9.9453,5.4052,1.2140)
[BC_INPUT] object white_tote_b01_left_front: pos=(-14.6741,4.4149,1.2890)
[BC_INPUT] object white_tote_b01_left_center: pos=(-14.6741,4.9547,1.2890)
[BC_INPUT] object white_tote_b01_left_back: pos=(-14.6741,5.5210,1.2890)
[BC_INPUT] object white_tote_b01_right_left: pos=(-6.2060,8.4731,1.2890)
[BC_INPUT] object white_tote_b01_right_right: pos=(-5.5060,8.4731,1.2890)
Target object: white_tote_b01_left_center
Robot base xy at reset: (-13.626354, 4.950546)
Tracking sites: {'right': 'white_tote_b01_left_center_right_grasp_site', 'left': 'white_tote_b01_left_center_left_grasp_site'}
Below-site grasp targets: {'right': array([ 0.165, -0.215,  0.165]), 'left': array([-0.165, -0.215,  0.165])}
wrapped_env_grasp_start_pose: x=-13.626354, y=4.950546, yaw=-3.139451
Executing scripted grasp policy (deterministic OSC waypoint servo)
[SCRIPTED] site_positions (world): {'right': 'white_tote_b01_left_center_right_grasp_site', 'left': 'white_tote_b01_left_center_left_grasp_site'}
[SCRIPTED] right site world pos: [-14.509088   4.739705   1.489   ], below_target: [-14.509088   4.739705   1.454   ]
[SCRIPTED] left site world pos: [-14.839088   4.739705   1.489   ], below_target: [-14.839088   4.739705   1.454   ]
[SCRIPTED] eef starts: right=[-13.99495879   5.21850203   1.1359892 ], left=[-14.01028945   4.76481154   1.1086439 ]
[SCRIPTED] xwall-grasp: obj=(-14.674,4.955) targets: right=[-14.374088   5.074705   1.454   ], left=[-14.374088   4.834705   1.454   ]
[SCRIPTED] contact rejection disabled (approach phases)
[SCRIPTED] Phase 1: safe vertical lift (60 steps, safe_z=1.739)
[SCRIPTED] Phase 2: XY approach (120 steps)
[SCRIPTED] Phase 3: vertical descent (80 steps)
[SCRIPTED] Phase 4: settle gripper end centers (max 150 steps)
gripper end center arrival distances before grasp: {'right': 0.027367684382630923, 'left': 0.029274896133540323}
[SCRIPTED] Phase 5: grasp close (40 steps)
After scripted grasp close object collision geoms: ['white_tote_b01_left_center_tote_b01_col_bottom', 'white_tote_b01_left_center_tote_b01_col_front', 'white_tote_b01_left_center_tote_b01_col_back', 'white_tote_b01_left_center_tote_b01_col_left', 'white_tote_b01_left_center_tote_b01_col_right']
After scripted grasp close gripper end targets: {'right': [-14.3741, 5.0747, 1.454], 'left': [-14.3741, 4.8347, 1.454]}
After scripted grasp close gripper end positions: {'right': [-14.3637, 5.0728, 1.477], 'left': [-14.3623, 4.8347, 1.4786]}
After scripted grasp close gripper end deltas current-minus-target: {'right': [0.0103, -0.0019, 0.023], 'left': [0.0118, -0.0, 0.0246]}
After scripted grasp close gripper end distances: {'right': 0.025304645924456592, 'left': 0.027273626396819333}
After scripted grasp close fingerpad contact status: {'right': {'left_fingerpad': True, 'right_fingerpad': True}, 'left': {'left_fingerpad': True, 'right_fingerpad': True}}
After scripted grasp close fingerpad contact pairs: {'right': {'left_fingerpad': [('gripper0_right_left_fingerpad_collision', 'white_tote_b01_left_center_tote_b01_col_right')], 'right_fingerpad': [('gripper0_right_right_fingerpad_collision', 'white_tote_b01_left_center_tote_b01_col_right')]}, 'left': {'left_fingerpad': [('gripper0_left_left_fingerpad_collision', 'white_tote_b01_left_center_tote_b01_col_right')], 'right_fingerpad': [('gripper0_left_right_fingerpad_collision', 'white_tote_b01_left_center_tote_b01_col_right')]}}
After scripted grasp close grasp status: {'right': True, 'left': True}
[SCRIPTED] Phase 6: post-success hold (10 steps)
Holding final grasp action for 12 steps
After same-env wrapped policy execution object collision geoms: ['white_tote_b01_left_center_tote_b01_col_bottom', 'white_tote_b01_left_center_tote_b01_col_front', 'white_tote_b01_left_center_tote_b01_col_back', 'white_tote_b01_left_center_tote_b01_col_left', 'white_tote_b01_left_center_tote_b01_col_right']
After same-env wrapped policy execution gripper end targets: {'right': [-14.3741, 5.0747, 1.454], 'left': [-14.3741, 4.8347, 1.454]}
After same-env wrapped policy execution gripper end positions: {'right': [-14.36, 5.0726, 1.4786], 'left': [-14.3585, 4.8348, 1.4802]}
After same-env wrapped policy execution gripper end deltas current-minus-target: {'right': [0.0141, -0.0021, 0.0246], 'left': [0.0156, 0.0001, 0.0262]}
After same-env wrapped policy execution gripper end distances: {'right': 0.028407927256667843, 'left': 0.030479104938959122}
After same-env wrapped policy execution fingerpad contact status: {'right': {'left_fingerpad': True, 'right_fingerpad': True}, 'left': {'left_fingerpad': True, 'right_fingerpad': True}}
After same-env wrapped policy execution fingerpad contact pairs: {'right': {'left_fingerpad': [('gripper0_right_left_fingerpad_collision', 'white_tote_b01_left_center_tote_b01_col_right')], 'right_fingerpad': [('gripper0_right_right_fingerpad_collision', 'white_tote_b01_left_center_tote_b01_col_right')]}, 'left': {'left_fingerpad': [('gripper0_left_left_fingerpad_collision', 'white_tote_b01_left_center_tote_b01_col_right')], 'right_fingerpad': [('gripper0_left_right_fingerpad_collision', 'white_tote_b01_left_center_tote_b01_col_right')]}}
After same-env wrapped policy execution grasp status: {'right': True, 'left': True}
Scripted grasp total_steps=310
Same-env wrapped grasp success: True
lift_initial_grasp_status: {'right': True, 'left': True}
lift_start: object=white_tote_b01_left_center, start_object_z=1.498422, target_object_z=1.648422, lift_height=0.150000
lift_result: success=True, final_object_z=1.609732, lifted=0.111310, target_lift=0.150000, final_grasp_status={'right': True, 'left': True}
[BACKEND] grasp and lift succeeded, proceeding with transport
transport_attachment_enabled: object=white_tote_b01_left_center, joint=white_tote_b01_left_center_joint0, relative_xy=[1.0574, -0.0089], world_z=1.412336, held_gripper_joints=12
clearance-aware A* returned empty; falling back to core A*
core A* planning failed
Traceback (most recent call last):
  File "/mnt/workspace/JCIIOT2026/JCIIOT/src/robot_agent/skills/move.py", line 191, in _plan
    return plan_world_path(
           ^^^^^^^^^^^^^^^^
  File "/mnt/workspace/JCIIOT2026/JCIIOT/src/robot_agent/core/map_loader.py", line 79, in plan_world_path
    cell_path = astar(grid, start_cell, goal_cell)
                ^^^^^^^^^^^^^^^^^^^^^^^^^^^^^^^^^^
  File "/mnt/workspace/JCIIOT2026/JCIIOT/src/robot_agent/core/navigation.py", line 152, in astar
    raise RuntimeError(f"A* failed from {start_cell} to {goal_cell}.")
RuntimeError: A* failed from (111, 343) to (568, 99).
L5: move to output_6 failed (attempting place anyway)
turn_to_output_result: success=True, turn_steps=40, target_yaw=-0.476694, final_yaw=-0.476756, final_error=0.000063, xy_drift=0.000000
[BACKEND v4] grasp_object_physics called
[robosuite INFO] Loading controller configuration from: /mnt/workspace/JCIIOT2026/JCIIOT/robosuite/robosuite/controllers/config/robots/default_tiago.json (composite_controller_factory.py:121)
Evaluation factory scene: FactorySorting9_3FO3ERT2C5FP
[STANCE_FIX] obj=(-14.674,4.415) base=(-13.629,4.351) OK
[BC_INPUT] robot_base_pos=(-13.629073,4.350948,0.000000)
[BC_INPUT] robot_base_ori=[0.000000,0.000000,-0.476735] (yaw=-0.1517*pi)
[BC_INPUT] actual_base_pose=(-13.629073,4.350948) yaw=-0.476735
[BC_INPUT] object_name=white_tote_b01_left_front
[BC_INPUT] torso_lift=0.3500
[BC_INPUT] arm_right_1=0.7426
[BC_INPUT] arm_right_3=2.1378
[BC_INPUT] arm_right_4=2.1057
[BC_INPUT] gripper_r=0.0120
[BC_INPUT] scene=FactorySorting9_3FO3ERT2C5FP
[BC_INPUT] object dark_tote_b01_lower: pos=(-4.4877,4.4961,1.2890)
[BC_INPUT] object dark_tote_b01_upper: pos=(-4.4877,5.1895,1.2890)
[BC_INPUT] object blue_container_h01_back_left: pos=(-9.9453,4.4392,1.2140)
[BC_INPUT] object blue_container_h01_back_center: pos=(-9.9453,4.9181,1.2140)
[BC_INPUT] object blue_container_h01_back_right: pos=(-9.9453,5.4052,1.2140)
[BC_INPUT] object white_tote_b01_left_front: pos=(-14.6741,4.4149,1.2890)
[BC_INPUT] object white_tote_b01_left_center: pos=(-14.6741,4.9547,1.2890)
[BC_INPUT] object white_tote_b01_left_back: pos=(-14.6741,5.5210,1.2890)
[BC_INPUT] object white_tote_b01_right_left: pos=(-6.2060,8.4731,1.2890)
[BC_INPUT] object white_tote_b01_right_right: pos=(-5.5060,8.4731,1.2890)
Target object: white_tote_b01_left_front
Robot base xy at reset: (-13.629073, 4.350948)
Tracking sites: {'right': 'white_tote_b01_left_front_right_grasp_site', 'left': 'white_tote_b01_left_front_left_grasp_site'}
Below-site grasp targets: {'right': array([ 0.165, -0.215,  0.165]), 'left': array([-0.165, -0.215,  0.165])}
wrapped_env_grasp_start_pose: x=-13.629073, y=4.350948, yaw=-0.476735
Executing scripted grasp policy (deterministic OSC waypoint servo)
[SCRIPTED] site_positions (world): {'right': 'white_tote_b01_left_front_right_grasp_site', 'left': 'white_tote_b01_left_front_left_grasp_site'}
[SCRIPTED] right site world pos: [-14.509088   4.199868   1.489   ], below_target: [-14.509088   4.199868   1.454   ]
[SCRIPTED] left site world pos: [-14.839088   4.199868   1.489   ], below_target: [-14.839088   4.199868   1.454   ]
[SCRIPTED] eef starts: right=[-13.42540088   3.94328638   1.1359892 ], left=[-13.20274203   4.33887852   1.1086439 ]
[SCRIPTED] xwall-grasp: obj=(-14.674,4.415) targets: right=[-14.374088   4.534868   1.454   ], left=[-14.374088   4.294868   1.454   ]
[SCRIPTED] contact rejection disabled (approach phases)
[SCRIPTED] Phase 1: safe vertical lift (60 steps, safe_z=1.739)
[SCRIPTED] Phase 2: XY approach (120 steps)
After same-env wrapped policy execution object collision geoms: ['white_tote_b01_left_front_tote_b01_col_bottom', 'white_tote_b01_left_front_tote_b01_col_front', 'white_tote_b01_left_front_tote_b01_col_back', 'white_tote_b01_left_front_tote_b01_col_left', 'white_tote_b01_left_front_tote_b01_col_right']
After same-env wrapped policy execution gripper end targets: {'right': [-14.3741, 4.5349, 1.454], 'left': [-14.3741, 4.2949, 1.454]}
After same-env wrapped policy execution gripper end positions: {'right': [-14.3811, 4.5062, 1.7302], 'left': [-13.5198, 4.2481, 1.7223]}
After same-env wrapped policy execution gripper end deltas current-minus-target: {'right': [-0.007, -0.0287, 0.2762], 'left': [0.8543, -0.0468, 0.2683]}
After same-env wrapped policy execution gripper end distances: {'right': 0.2777590485164776, 'left': 0.8966862221835139}
After same-env wrapped policy execution fingerpad contact status: {'right': {'left_fingerpad': False, 'right_fingerpad': False}, 'left': {'left_fingerpad': False, 'right_fingerpad': False}}
After same-env wrapped policy execution fingerpad contact pairs: {'right': {'left_fingerpad': [], 'right_fingerpad': []}, 'left': {'left_fingerpad': [], 'right_fingerpad': []}}
After same-env wrapped policy execution grasp status: {'right': False, 'left': False}
Scripted grasp total_steps=180
Same-env wrapped grasp success: False
Scripted grasp failure: XY approach target tolerance failed after settle: {'right': 0.0005014133621364293, 'left': 0.859149761072267}
lift_initial_grasp_status: {'right': False, 'left': False}
[BACKEND] grasp pipeline failed, skipping transport attachment: grasp_success=False, lift_success=False, lift_failure=object is not grasped by both grippers: {'right': False, 'left': False}
L5: grasp failed for white_tote_b01_left_front, trying next tote
[BACKEND v4] grasp_object_physics called
[robosuite INFO] Loading controller configuration from: /mnt/workspace/JCIIOT2026/JCIIOT/robosuite/robosuite/controllers/config/robots/default_tiago.json (composite_controller_factory.py:121)
Evaluation factory scene: FactorySorting9_3FO3ERT2C5FP
[STANCE_FIX] obj=(-14.674,5.521) base=(-13.640,5.493) OK
[BC_INPUT] robot_base_pos=(-13.639605,5.492717,0.000000)
[BC_INPUT] robot_base_ori=[0.000000,0.000000,-0.475797] (yaw=-0.1515*pi)
[BC_INPUT] actual_base_pose=(-13.639605,5.492717) yaw=-0.475797
[BC_INPUT] object_name=white_tote_b01_left_back
[BC_INPUT] torso_lift=0.3500
[BC_INPUT] arm_right_1=0.7426
[BC_INPUT] arm_right_3=2.1378
[BC_INPUT] arm_right_4=2.1057
[BC_INPUT] gripper_r=0.0120
[BC_INPUT] scene=FactorySorting9_3FO3ERT2C5FP
[BC_INPUT] object dark_tote_b01_lower: pos=(-4.4877,4.4961,1.2890)
[BC_INPUT] object dark_tote_b01_upper: pos=(-4.4877,5.1895,1.2890)
[BC_INPUT] object blue_container_h01_back_left: pos=(-9.9453,4.4392,1.2140)
[BC_INPUT] object blue_container_h01_back_center: pos=(-9.9453,4.9181,1.2140)
[BC_INPUT] object blue_container_h01_back_right: pos=(-9.9453,5.4052,1.2140)
[BC_INPUT] object white_tote_b01_left_front: pos=(-14.6741,4.4149,1.2890)
[BC_INPUT] object white_tote_b01_left_center: pos=(-14.6741,4.9547,1.2890)
[BC_INPUT] object white_tote_b01_left_back: pos=(-14.6741,5.5210,1.2890)
[BC_INPUT] object white_tote_b01_right_left: pos=(-6.2060,8.4731,1.2890)
[BC_INPUT] object white_tote_b01_right_right: pos=(-5.5060,8.4731,1.2890)
Target object: white_tote_b01_left_back
Robot base xy at reset: (-13.639605, 5.492717)
Tracking sites: {'right': 'white_tote_b01_left_back_right_grasp_site', 'left': 'white_tote_b01_left_back_left_grasp_site'}
Below-site grasp targets: {'right': array([ 0.165, -0.215,  0.165]), 'left': array([-0.165, -0.215,  0.165])}
wrapped_env_grasp_start_pose: x=-13.639605, y=5.492717, yaw=-0.475797
Executing scripted grasp policy (deterministic OSC waypoint servo)
[SCRIPTED] site_positions (world): {'right': 'white_tote_b01_left_back_right_grasp_site', 'left': 'white_tote_b01_left_back_left_grasp_site'}
[SCRIPTED] right site world pos: [-14.509088   5.305966   1.489   ], below_target: [-14.509088   5.305966   1.454   ]
[SCRIPTED] left site world pos: [-14.839088   5.305966   1.489   ], below_target: [-14.839088   5.305966   1.454   ]
[SCRIPTED] eef starts: right=[-13.43555055   5.08524685   1.1359892 ], left=[-13.21326285   5.48104765   1.1086439 ]
[SCRIPTED] xwall-grasp: obj=(-14.674,5.521) targets: right=[-14.374088   5.640966   1.454   ], left=[-14.374088   5.400966   1.454   ]
[SCRIPTED] contact rejection disabled (approach phases)
[SCRIPTED] Phase 1: safe vertical lift (60 steps, safe_z=1.739)
[SCRIPTED] Phase 2: XY approach (120 steps)
After same-env wrapped policy execution object collision geoms: ['white_tote_b01_left_back_tote_b01_col_bottom', 'white_tote_b01_left_back_tote_b01_col_front', 'white_tote_b01_left_back_tote_b01_col_back', 'white_tote_b01_left_back_tote_b01_col_left', 'white_tote_b01_left_back_tote_b01_col_right']
After same-env wrapped policy execution gripper end targets: {'right': [-14.3741, 5.641, 1.454], 'left': [-14.3741, 5.401, 1.454]}
After same-env wrapped policy execution gripper end positions: {'right': [-14.3824, 5.6138, 1.7271], 'left': [-13.5311, 5.3898, 1.7224]}
After same-env wrapped policy execution gripper end deltas current-minus-target: {'right': [-0.0084, -0.0272, 0.2731], 'left': [0.843, -0.0112, 0.2684]}
After same-env wrapped policy execution gripper end distances: {'right': 0.2745739874939374, 'left': 0.8847820176534776}
After same-env wrapped policy execution fingerpad contact status: {'right': {'left_fingerpad': False, 'right_fingerpad': False}, 'left': {'left_fingerpad': False, 'right_fingerpad': False}}
After same-env wrapped policy execution fingerpad contact pairs: {'right': {'left_fingerpad': [], 'right_fingerpad': []}, 'left': {'left_fingerpad': [], 'right_fingerpad': []}}
After same-env wrapped policy execution grasp status: {'right': False, 'left': False}
Scripted grasp total_steps=180
Same-env wrapped grasp success: False
Scripted grasp failure: XY approach target tolerance failed after settle: {'right': 0.0003713121542527461, 'left': 0.8447909495359941}
lift_initial_grasp_status: {'right': False, 'left': False}
[BACKEND] grasp pipeline failed, skipping transport attachment: grasp_success=False, lift_success=False, lift_failure=object is not grasped by both grippers: {'right': False, 'left': False}
L5: grasp failed for white_tote_b01_left_back, trying next tote
Step 1 (pick_up): all 1 attempts failed
Step 2 (pick_up) failed: L5 multi-tote transport: 1/3 totes placed at output_6
Step 2 failed, fail_fast — stopping
