/mnt/workspace/JCIIOT2026/JCIIOT/robosuite/robosuite/__init__.py:49: SyntaxWarning: invalid escape sequence '\ '
  /[_]\  [~]\/    |//  |
[robosuite WARNING] No private macro file found! (macros.py:57)
[robosuite WARNING] It is recommended to use a private macro file (macros.py:58)
[robosuite WARNING] To setup, run: python /mnt/workspace/JCIIOT2026/JCIIOT/robosuite/robosuite/scripts/setup_macros.py (macros.py:59)
[robosuite WARNING] Could not import robosuite_models. Some robots may not be available. If you want to use these robots, please install robosuite_models from source (https://github.com/ARISE-Initiative/robosuite_models) or through pip install. (__init__.py:31)
[robosuite WARNING] Could not load the mink-based whole-body IK. Make sure you install related import properly (e.g. pip install mink==0.0.5), otherwise you will not be able to use the default IK controller setting for GR1 robot. (__init__.py:41)
[robosuite INFO] Loading controller configuration from: /mnt/workspace/JCIIOT2026/JCIIOT/robosuite/robosuite/controllers/config/robots/default_tiago.json (composite_controller_factory.py:121)
[robosuite INFO] Loading controller configuration from: /mnt/workspace/JCIIOT2026/JCIIOT/robosuite/robosuite/controllers/config/robots/default_tiago.json (composite_controller_factory.py:121)
[robosuite INFO] Loading controller configuration from: /mnt/workspace/JCIIOT2026/JCIIOT/robosuite/robosuite/controllers/config/robots/default_tiago.json (composite_controller_factory.py:121)
[robosuite INFO] Loading controller configuration from: /mnt/workspace/JCIIOT2026/JCIIOT/robosuite/robosuite/controllers/config/robots/default_tiago.json (composite_controller_factory.py:121)

============= Initialized Observation Utils with Obs Spec =============

using obs modality: low_dim with keys: ['robot0_right_eef_pos', 'robot0_right_eef_quat', 'robot0_left_eef_quat', 'robot0_right_gripper_qpos', 'robot0_left_eef_pos', 'robot0_left_gripper_qpos']
using obs modality: rgb with keys: []
using obs modality: depth with keys: []
using obs modality: scan with keys: []
Loaded robomimic checkpoint: /mnt/workspace/JCIIOT2026/JCIIOT/robosuite/robosuite/model_epoch_150.pth
Evaluation device: cuda:0
[BACKEND v4] grasp_object_physics called
[robosuite INFO] Loading controller configuration from: /mnt/workspace/JCIIOT2026/JCIIOT/robosuite/robosuite/controllers/config/robots/default_tiago.json (composite_controller_factory.py:121)
Evaluation factory scene: FactorySorting9_3FO3ERT2C5FP
[STANCE_FIX] obj=(-14.674,4.955) base=(-13.824,4.955) OK
[BC_INPUT] robot_base_pos=(-13.824088,4.955162,0.000000)
[BC_INPUT] robot_base_ori=[0.000000,0.000000,3.141593] (yaw=1.0000*pi)
[BC_INPUT] actual_base_pose=(-13.824088,4.955162) yaw=3.141593
[BC_INPUT] object_name=white_tote_b01_left_center
[BC_INPUT] torso_lift=0.3500
[BC_INPUT] arm_right_1=0.7426
[BC_INPUT] arm_right_3=2.1378
[BC_INPUT] arm_right_4=2.1057
[BC_INPUT] gripper_r=0.0120
[BC_INPUT] scene=FactorySorting9_3FO3ERT2C5FP
[BC_INPUT] object dark_tote_b01_lower: pos=(-4.4877,4.4961,1.2890)
[BC_INPUT] object dark_tote_b01_upper: pos=(-4.4877,5.1895,1.2890)
[BC_INPUT] object blue_container_h01_back_left: pos=(-9.9453,4.4392,1.2140)
[BC_INPUT] object blue_container_h01_back_center: pos=(-9.9453,4.9181,1.2140)
[BC_INPUT] object blue_container_h01_back_right: pos=(-9.9453,5.4052,1.2140)
[BC_INPUT] object white_tote_b01_left_front: pos=(-14.6741,4.4149,1.2890)
[BC_INPUT] object white_tote_b01_left_center: pos=(-14.6741,4.9547,1.2890)
[BC_INPUT] object white_tote_b01_left_back: pos=(-14.6741,5.5210,1.2890)
[BC_INPUT] object white_tote_b01_right_left: pos=(-6.2060,8.4731,1.2890)
[BC_INPUT] object white_tote_b01_right_right: pos=(-5.5060,8.4731,1.2890)
Target object: white_tote_b01_left_center
Robot base xy at reset: (-13.824088, 4.955162)
Tracking sites: {'right': 'white_tote_b01_left_center_right_grasp_site', 'left': 'white_tote_b01_left_center_left_grasp_site'}
Below-site grasp targets: {'right': array([ 0.165, -0.215,  0.165]), 'left': array([-0.165, -0.215,  0.165])}
wrapped_env_grasp_start_pose: x=-13.824088, y=4.955162, yaw=3.141593
Executing scripted grasp policy (deterministic OSC waypoint servo)
[SCRIPTED] site_positions (world): {'right': 'white_tote_b01_left_center_right_grasp_site', 'left': 'white_tote_b01_left_center_left_grasp_site'}
[SCRIPTED] right site world pos: [-14.509088   4.739705   1.489   ], below_target: [-14.509088   4.739705   1.454   ]
[SCRIPTED] left site world pos: [-14.839088   4.739705   1.489   ], below_target: [-14.839088   4.739705   1.454   ]
[SCRIPTED] eef starts: right=[-14.1921181    5.22390755   1.1359892 ], left=[-14.20842064   4.77025094   1.1086439 ]
[SCRIPTED] xwall-grasp: obj=(-14.674,4.955) targets: right=[-14.374088   5.074705   1.454   ], left=[-14.374088   4.834705   1.454   ]
[SCRIPTED] contact rejection disabled (approach phases)
[SCRIPTED] Phase 1: safe vertical lift (60 steps, safe_z=1.739)
[SCRIPTED] Phase 2: XY approach (120 steps)
[SCRIPTED] Phase 3: vertical descent (80 steps)
[SCRIPTED] Phase 4: settle gripper end centers (max 150 steps)
gripper end center arrival distances before grasp: {'right': 0.023529356540722964, 'left': 0.025894464129754217}
[SCRIPTED] Phase 5: grasp close (40 steps)
After scripted grasp close object collision geoms: ['white_tote_b01_left_center_tote_b01_col_bottom', 'white_tote_b01_left_center_tote_b01_col_front', 'white_tote_b01_left_center_tote_b01_col_back', 'white_tote_b01_left_center_tote_b01_col_left', 'white_tote_b01_left_center_tote_b01_col_right']
After scripted grasp close gripper end targets: {'right': [-14.3741, 5.0747, 1.454], 'left': [-14.3741, 4.8347, 1.454]}
After scripted grasp close gripper end positions: {'right': [-14.3645, 5.0717, 1.47], 'left': [-14.3638, 4.8358, 1.4725]}
After scripted grasp close gripper end deltas current-minus-target: {'right': [0.0096, -0.003, 0.016], 'left': [0.0103, 0.0011, 0.0185]}
After scripted grasp close gripper end distances: {'right': 0.018931461441734704, 'left': 0.021185265803076326}
After scripted grasp close fingerpad contact status: {'right': {'left_fingerpad': True, 'right_fingerpad': True}, 'left': {'left_fingerpad': True, 'right_fingerpad': True}}
After scripted grasp close fingerpad contact pairs: {'right': {'left_fingerpad': [('gripper0_right_left_fingerpad_collision', 'white_tote_b01_left_center_tote_b01_col_right')], 'right_fingerpad': [('gripper0_right_right_fingerpad_collision', 'white_tote_b01_left_center_tote_b01_col_right')]}, 'left': {'left_fingerpad': [('gripper0_left_left_fingerpad_collision', 'white_tote_b01_left_center_tote_b01_col_right')], 'right_fingerpad': [('gripper0_left_right_fingerpad_collision', 'white_tote_b01_left_center_tote_b01_col_right')]}}
After scripted grasp close grasp status: {'right': True, 'left': True}
[SCRIPTED] Phase 6: post-success hold (10 steps)
Holding final grasp action for 12 steps
After same-env wrapped policy execution object collision geoms: ['white_tote_b01_left_center_tote_b01_col_bottom', 'white_tote_b01_left_center_tote_b01_col_front', 'white_tote_b01_left_center_tote_b01_col_back', 'white_tote_b01_left_center_tote_b01_col_left', 'white_tote_b01_left_center_tote_b01_col_right']
After same-env wrapped policy execution gripper end targets: {'right': [-14.3741, 5.0747, 1.454], 'left': [-14.3741, 4.8347, 1.454]}
After same-env wrapped policy execution gripper end positions: {'right': [-14.3594, 5.0715, 1.4703], 'left': [-14.3588, 4.8359, 1.4728]}
After same-env wrapped policy execution gripper end deltas current-minus-target: {'right': [0.0147, -0.0032, 0.0163], 'left': [0.0153, 0.0012, 0.0188]}
After same-env wrapped policy execution gripper end distances: {'right': 0.022189137432797375, 'left': 0.024319405748545908}
After same-env wrapped policy execution fingerpad contact status: {'right': {'left_fingerpad': True, 'right_fingerpad': True}, 'left': {'left_fingerpad': True, 'right_fingerpad': True}}
After same-env wrapped policy execution fingerpad contact pairs: {'right': {'left_fingerpad': [('gripper0_right_left_fingerpad_collision', 'white_tote_b01_left_center_tote_b01_col_right')], 'right_fingerpad': [('gripper0_right_right_fingerpad_collision', 'white_tote_b01_left_center_tote_b01_col_right')]}, 'left': {'left_fingerpad': [('gripper0_left_left_fingerpad_collision', 'white_tote_b01_left_center_tote_b01_col_right')], 'right_fingerpad': [('gripper0_left_right_fingerpad_collision', 'white_tote_b01_left_center_tote_b01_col_right')]}}
After same-env wrapped policy execution grasp status: {'right': True, 'left': True}
Scripted grasp total_steps=310
Same-env wrapped grasp success: True
lift_initial_grasp_status: {'right': True, 'left': True}
lift_start: object=white_tote_b01_left_center, start_object_z=1.501825, target_object_z=1.651825, lift_height=0.150000
lift_result: success=True, final_object_z=1.611386, lifted=0.109561, target_lift=0.150000, final_grasp_status={'right': True, 'left': True}
[BACKEND] grasp and lift succeeded, proceeding with transport
transport_attachment_enabled: object=white_tote_b01_left_center, joint=white_tote_b01_left_center_joint0, relative_xy=[0.8487, -0.0014], world_z=1.413475, held_gripper_joints=12
[L5] teleported to dest (11.032, -7.267)
[L5] placed white_tote_b01_left_center at output_6 directly
[BACKEND v4] grasp_object_physics called
[robosuite INFO] Loading controller configuration from: /mnt/workspace/JCIIOT2026/JCIIOT/robosuite/robosuite/controllers/config/robots/default_tiago.json (composite_controller_factory.py:121)
Evaluation factory scene: FactorySorting9_3FO3ERT2C5FP
[STANCE_FIX] obj=(-14.674,4.415) base=(-13.824,4.415) OK
[BC_INPUT] robot_base_pos=(-13.824088,4.414868,0.000000)
[BC_INPUT] robot_base_ori=[0.000000,0.000000,3.141593] (yaw=1.0000*pi)
[BC_INPUT] actual_base_pose=(-13.824088,4.414868) yaw=3.141593
[BC_INPUT] object_name=white_tote_b01_left_front
[BC_INPUT] torso_lift=0.3500
[BC_INPUT] arm_right_1=0.7426
[BC_INPUT] arm_right_3=2.1378
[BC_INPUT] arm_right_4=2.1057
[BC_INPUT] gripper_r=0.0120
[BC_INPUT] scene=FactorySorting9_3FO3ERT2C5FP
[BC_INPUT] object dark_tote_b01_lower: pos=(-4.4877,4.4961,1.2890)
[BC_INPUT] object dark_tote_b01_upper: pos=(-4.4877,5.1895,1.2890)
[BC_INPUT] object blue_container_h01_back_left: pos=(-9.9453,4.4392,1.2140)
[BC_INPUT] object blue_container_h01_back_center: pos=(-9.9453,4.9181,1.2140)
[BC_INPUT] object blue_container_h01_back_right: pos=(-9.9453,5.4052,1.2140)
[BC_INPUT] object white_tote_b01_left_front: pos=(-14.6741,4.4149,1.2890)
[BC_INPUT] object white_tote_b01_left_center: pos=(-14.6741,4.9547,1.2890)
[BC_INPUT] object white_tote_b01_left_back: pos=(-14.6741,5.5210,1.2890)
[BC_INPUT] object white_tote_b01_right_left: pos=(-6.2060,8.4731,1.2890)
[BC_INPUT] object white_tote_b01_right_right: pos=(-5.5060,8.4731,1.2890)
Target object: white_tote_b01_left_front
Robot base xy at reset: (-13.824088, 4.414868)
Tracking sites: {'right': 'white_tote_b01_left_front_right_grasp_site', 'left': 'white_tote_b01_left_front_left_grasp_site'}
Below-site grasp targets: {'right': array([ 0.165, -0.215,  0.165]), 'left': array([-0.165, -0.215,  0.165])}
wrapped_env_grasp_start_pose: x=-13.824088, y=4.414868, yaw=3.141593
Executing scripted grasp policy (deterministic OSC waypoint servo)
[SCRIPTED] site_positions (world): {'right': 'white_tote_b01_left_front_right_grasp_site', 'left': 'white_tote_b01_left_front_left_grasp_site'}
[SCRIPTED] right site world pos: [-14.509088   4.199868   1.489   ], below_target: [-14.509088   4.199868   1.454   ]
[SCRIPTED] left site world pos: [-14.839088   4.199868   1.489   ], below_target: [-14.839088   4.199868   1.454   ]
[SCRIPTED] eef starts: right=[-14.1921176    4.68361323   1.1359892 ], left=[-14.20842014   4.22995661   1.1086439 ]
[SCRIPTED] xwall-grasp: obj=(-14.674,4.415) targets: right=[-14.374088   4.534868   1.454   ], left=[-14.374088   4.294868   1.454   ]
[SCRIPTED] contact rejection disabled (approach phases)
[SCRIPTED] Phase 1: safe vertical lift (60 steps, safe_z=1.739)
[SCRIPTED] Phase 2: XY approach (120 steps)
[SCRIPTED] Phase 3: vertical descent (80 steps)
[SCRIPTED] Phase 4: settle gripper end centers (max 150 steps)
gripper end center arrival distances before grasp: {'right': 0.023527647005799162, 'left': 0.025894496929385766}
[SCRIPTED] Phase 5: grasp close (40 steps)
After scripted grasp close object collision geoms: ['white_tote_b01_left_front_tote_b01_col_bottom', 'white_tote_b01_left_front_tote_b01_col_front', 'white_tote_b01_left_front_tote_b01_col_back', 'white_tote_b01_left_front_tote_b01_col_left', 'white_tote_b01_left_front_tote_b01_col_right']
After scripted grasp close gripper end targets: {'right': [-14.3741, 4.5349, 1.454], 'left': [-14.3741, 4.2949, 1.454]}
After scripted grasp close gripper end positions: {'right': [-14.3647, 4.5323, 1.47], 'left': [-14.3639, 4.2963, 1.4725]}
After scripted grasp close gripper end deltas current-minus-target: {'right': [0.0094, -0.0026, 0.016], 'left': [0.0102, 0.0014, 0.0185]}
After scripted grasp close gripper end distances: {'right': 0.01875835485631629, 'left': 0.02119663816990905}
After scripted grasp close fingerpad contact status: {'right': {'left_fingerpad': True, 'right_fingerpad': True}, 'left': {'left_fingerpad': True, 'right_fingerpad': True}}
After scripted grasp close fingerpad contact pairs: {'right': {'left_fingerpad': [('gripper0_right_left_fingerpad_collision', 'white_tote_b01_left_front_tote_b01_col_right')], 'right_fingerpad': [('gripper0_right_right_fingerpad_collision', 'white_tote_b01_left_front_tote_b01_col_right')]}, 'left': {'left_fingerpad': [('gripper0_left_left_fingerpad_collision', 'white_tote_b01_left_front_tote_b01_col_right')], 'right_fingerpad': [('gripper0_left_right_fingerpad_collision', 'white_tote_b01_left_front_tote_b01_col_right')]}}
After scripted grasp close grasp status: {'right': True, 'left': True}
[SCRIPTED] Phase 6: post-success hold (10 steps)
Holding final grasp action for 12 steps
After same-env wrapped policy execution object collision geoms: ['white_tote_b01_left_front_tote_b01_col_bottom', 'white_tote_b01_left_front_tote_b01_col_front', 'white_tote_b01_left_front_tote_b01_col_back', 'white_tote_b01_left_front_tote_b01_col_left', 'white_tote_b01_left_front_tote_b01_col_right']
After same-env wrapped policy execution gripper end targets: {'right': [-14.3741, 4.5349, 1.454], 'left': [-14.3741, 4.2949, 1.454]}
After same-env wrapped policy execution gripper end positions: {'right': [-14.3597, 4.5321, 1.4703], 'left': [-14.3589, 4.2964, 1.4729]}
After same-env wrapped policy execution gripper end deltas current-minus-target: {'right': [0.0144, -0.0028, 0.0163], 'left': [0.0152, 0.0015, 0.0189]}
After same-env wrapped policy execution gripper end distances: {'right': 0.021982882258987445, 'left': 0.02430599687217628}
After same-env wrapped policy execution fingerpad contact status: {'right': {'left_fingerpad': True, 'right_fingerpad': True}, 'left': {'left_fingerpad': True, 'right_fingerpad': True}}
After same-env wrapped policy execution fingerpad contact pairs: {'right': {'left_fingerpad': [('gripper0_right_left_fingerpad_collision', 'white_tote_b01_left_front_tote_b01_col_right')], 'right_fingerpad': [('gripper0_right_right_fingerpad_collision', 'white_tote_b01_left_front_tote_b01_col_right')]}, 'left': {'left_fingerpad': [('gripper0_left_left_fingerpad_collision', 'white_tote_b01_left_front_tote_b01_col_right')], 'right_fingerpad': [('gripper0_left_right_fingerpad_collision', 'white_tote_b01_left_front_tote_b01_col_right')]}}
After same-env wrapped policy execution grasp status: {'right': True, 'left': True}
Scripted grasp total_steps=310
Same-env wrapped grasp success: True
lift_initial_grasp_status: {'right': True, 'left': True}
lift_start: object=white_tote_b01_left_front, start_object_z=1.501839, target_object_z=1.651839, lift_height=0.150000
lift_result: success=True, final_object_z=1.611328, lifted=0.109488, target_lift=0.150000, final_grasp_status={'right': True, 'left': True}
[BACKEND] grasp and lift succeeded, proceeding with transport
transport_attachment_enabled: object=white_tote_b01_left_front, joint=white_tote_b01_left_front_joint0, relative_xy=[0.8489, -0.0022], world_z=1.413412, held_gripper_joints=12
[L5] teleported to dest (11.032, -7.267)
[L5] placed white_tote_b01_left_front at output_6 directly
[BACKEND v4] grasp_object_physics called
[robosuite INFO] Loading controller configuration from: /mnt/workspace/JCIIOT2026/JCIIOT/robosuite/robosuite/controllers/config/robots/default_tiago.json (composite_controller_factory.py:121)
Evaluation factory scene: FactorySorting9_3FO3ERT2C5FP
[STANCE_FIX] obj=(-14.674,5.521) base=(-13.824,5.521) OK
[BC_INPUT] robot_base_pos=(-13.824088,5.520966,0.000000)
[BC_INPUT] robot_base_ori=[0.000000,0.000000,3.141593] (yaw=1.0000*pi)
[BC_INPUT] actual_base_pose=(-13.824088,5.520966) yaw=3.141593
[BC_INPUT] object_name=white_tote_b01_left_back
[BC_INPUT] torso_lift=0.3500
[BC_INPUT] arm_right_1=0.7426
[BC_INPUT] arm_right_3=2.1378
[BC_INPUT] arm_right_4=2.1057
[BC_INPUT] gripper_r=0.0120
[BC_INPUT] scene=FactorySorting9_3FO3ERT2C5FP
[BC_INPUT] object dark_tote_b01_lower: pos=(-4.4877,4.4961,1.2890)
[BC_INPUT] object dark_tote_b01_upper: pos=(-4.4877,5.1895,1.2890)
[BC_INPUT] object blue_container_h01_back_left: pos=(-9.9453,4.4392,1.2140)
[BC_INPUT] object blue_container_h01_back_center: pos=(-9.9453,4.9181,1.2140)
[BC_INPUT] object blue_container_h01_back_right: pos=(-9.9453,5.4052,1.2140)
[BC_INPUT] object white_tote_b01_left_front: pos=(-14.6741,4.4149,1.2890)
[BC_INPUT] object white_tote_b01_left_center: pos=(-14.6741,4.9547,1.2890)
[BC_INPUT] object white_tote_b01_left_back: pos=(-14.6741,5.5210,1.2890)
[BC_INPUT] object white_tote_b01_right_left: pos=(-6.2060,8.4731,1.2890)
[BC_INPUT] object white_tote_b01_right_right: pos=(-5.5060,8.4731,1.2890)
Target object: white_tote_b01_left_back
Robot base xy at reset: (-13.824088, 5.520966)
Tracking sites: {'right': 'white_tote_b01_left_back_right_grasp_site', 'left': 'white_tote_b01_left_back_left_grasp_site'}
Below-site grasp targets: {'right': array([ 0.165, -0.215,  0.165]), 'left': array([-0.165, -0.215,  0.165])}
wrapped_env_grasp_start_pose: x=-13.824088, y=5.520966, yaw=3.141593
Executing scripted grasp policy (deterministic OSC waypoint servo)
[SCRIPTED] site_positions (world): {'right': 'white_tote_b01_left_back_right_grasp_site', 'left': 'white_tote_b01_left_back_left_grasp_site'}
[SCRIPTED] right site world pos: [-14.509088   5.305966   1.489   ], below_target: [-14.509088   5.305966   1.454   ]
[SCRIPTED] left site world pos: [-14.839088   5.305966   1.489   ], below_target: [-14.839088   5.305966   1.454   ]
[SCRIPTED] eef starts: right=[-14.1921176    5.78971123   1.1359892 ], left=[-14.20842014   5.33605461   1.1086439 ]
[SCRIPTED] xwall-grasp: obj=(-14.674,5.521) targets: right=[-14.374088   5.640966   1.454   ], left=[-14.374088   5.400966   1.454   ]
[SCRIPTED] contact rejection disabled (approach phases)
[SCRIPTED] Phase 1: safe vertical lift (60 steps, safe_z=1.739)
[SCRIPTED] Phase 2: XY approach (120 steps)
[SCRIPTED] Phase 3: vertical descent (80 steps)
[SCRIPTED] Phase 4: settle gripper end centers (max 150 steps)
gripper end center arrival distances before grasp: {'right': 0.023527647028266097, 'left': 0.02589449692367475}
[SCRIPTED] Phase 5: grasp close (40 steps)
After scripted grasp close object collision geoms: ['white_tote_b01_left_back_tote_b01_col_bottom', 'white_tote_b01_left_back_tote_b01_col_front', 'white_tote_b01_left_back_tote_b01_col_back', 'white_tote_b01_left_back_tote_b01_col_left', 'white_tote_b01_left_back_tote_b01_col_right']
After scripted grasp close gripper end targets: {'right': [-14.3741, 5.641, 1.454], 'left': [-14.3741, 5.401, 1.454]}
After scripted grasp close gripper end positions: {'right': [-14.3646, 5.6382, 1.47], 'left': [-14.3638, 5.4023, 1.4725]}
After scripted grasp close gripper end deltas current-minus-target: {'right': [0.0095, -0.0027, 0.016], 'left': [0.0103, 0.0013, 0.0185]}
After scripted grasp close gripper end distances: {'right': 0.018849006337083696, 'left': 0.02118933704211478}
After scripted grasp close fingerpad contact status: {'right': {'left_fingerpad': True, 'right_fingerpad': True}, 'left': {'left_fingerpad': True, 'right_fingerpad': True}}
After scripted grasp close fingerpad contact pairs: {'right': {'left_fingerpad': [('gripper0_right_left_fingerpad_collision', 'white_tote_b01_left_back_tote_b01_col_right')], 'right_fingerpad': [('gripper0_right_right_fingerpad_collision', 'white_tote_b01_left_back_tote_b01_col_right')]}, 'left': {'left_fingerpad': [('gripper0_left_left_fingerpad_collision', 'white_tote_b01_left_back_tote_b01_col_right')], 'right_fingerpad': [('gripper0_left_right_fingerpad_collision', 'white_tote_b01_left_back_tote_b01_col_right')]}}
After scripted grasp close grasp status: {'right': True, 'left': True}
[SCRIPTED] Phase 6: post-success hold (10 steps)
Holding final grasp action for 12 steps
After same-env wrapped policy execution object collision geoms: ['white_tote_b01_left_back_tote_b01_col_bottom', 'white_tote_b01_left_back_tote_b01_col_front', 'white_tote_b01_left_back_tote_b01_col_back', 'white_tote_b01_left_back_tote_b01_col_left', 'white_tote_b01_left_back_tote_b01_col_right']
After same-env wrapped policy execution gripper end targets: {'right': [-14.3741, 5.641, 1.454], 'left': [-14.3741, 5.401, 1.454]}
After same-env wrapped policy execution gripper end positions: {'right': [-14.3595, 5.638, 1.4703], 'left': [-14.3588, 5.4024, 1.4728]}
After same-env wrapped policy execution gripper end deltas current-minus-target: {'right': [0.0146, -0.0029, 0.0163], 'left': [0.0153, 0.0015, 0.0188]}
After same-env wrapped policy execution gripper end distances: {'right': 0.0220886592924914, 'left': 0.0243159380383372}
After same-env wrapped policy execution fingerpad contact status: {'right': {'left_fingerpad': True, 'right_fingerpad': True}, 'left': {'left_fingerpad': True, 'right_fingerpad': True}}
After same-env wrapped policy execution fingerpad contact pairs: {'right': {'left_fingerpad': [('gripper0_right_left_fingerpad_collision', 'white_tote_b01_left_back_tote_b01_col_right')], 'right_fingerpad': [('gripper0_right_right_fingerpad_collision', 'white_tote_b01_left_back_tote_b01_col_right')]}, 'left': {'left_fingerpad': [('gripper0_left_left_fingerpad_collision', 'white_tote_b01_left_back_tote_b01_col_right')], 'right_fingerpad': [('gripper0_left_right_fingerpad_collision', 'white_tote_b01_left_back_tote_b01_col_right')]}}
After same-env wrapped policy execution grasp status: {'right': True, 'left': True}
Scripted grasp total_steps=310
Same-env wrapped grasp success: True
lift_initial_grasp_status: {'right': True, 'left': True}
lift_start: object=white_tote_b01_left_back, start_object_z=1.501800, target_object_z=1.651800, lift_height=0.150000
lift_result: success=True, final_object_z=1.611405, lifted=0.109605, target_lift=0.150000, final_grasp_status={'right': True, 'left': True}
[BACKEND] grasp and lift succeeded, proceeding with transport
transport_attachment_enabled: object=white_tote_b01_left_back, joint=white_tote_b01_left_back_joint0, relative_xy=[0.8488, -0.002], world_z=1.413494, held_gripper_joints=12
[L5] teleported to dest (11.032, -7.267)
[L5] placed white_tote_b01_left_back at output_6 directly
clearance-aware A* returned empty; falling back to core A*
core A* planning failed
Traceback (most recent call last):
  File "/mnt/workspace/JCIIOT2026/JCIIOT/src/robot_agent/skills/move.py", line 191, in _plan
    return plan_world_path(
           ^^^^^^^^^^^^^^^^
  File "/mnt/workspace/JCIIOT2026/JCIIOT/src/robot_agent/core/map_loader.py", line 79, in plan_world_path
    cell_path = astar(grid, start_cell, goal_cell)
                ^^^^^^^^^^^^^^^^^^^^^^^^^^^^^^^^^^
  File "/mnt/workspace/JCIIOT2026/JCIIOT/src/robot_agent/core/navigation.py", line 152, in astar
    raise RuntimeError(f"A* failed from {start_cell} to {goal_cell}.")
RuntimeError: A* failed from (622, 94) to (568, 99).
Step 2 (move): all 1 attempts failed
Step 3 (move) failed: A* planning failed: output_6
Step 3 failed, fail_fast — stopping
